Archive member included to satisfy reference by file (symbol)

C:/ST/STM32CubeIDE_1.16.0/STM32CubeIDE/plugins/com.st.stm32cube.ide.mcu.externaltools.gnu-tools-for-stm32.12.3.rel1.win32_1.0.200.202406191623/tools/bin/../lib/gcc/arm-none-eabi/12.3.1/../../../../arm-none-eabi/lib/thumb/v7e-m+fp/hard\libc_nano.a(libc_a-exit.o)
                              C:/ST/STM32CubeIDE_1.16.0/STM32CubeIDE/plugins/com.st.stm32cube.ide.mcu.externaltools.gnu-tools-for-stm32.12.3.rel1.win32_1.0.200.202406191623/tools/bin/../lib/gcc/arm-none-eabi/12.3.1/../../../../arm-none-eabi/lib/thumb/v7e-m+fp/hard/crt0.o (exit)
C:/ST/STM32CubeIDE_1.16.0/STM32CubeIDE/plugins/com.st.stm32cube.ide.mcu.externaltools.gnu-tools-for-stm32.12.3.rel1.win32_1.0.200.202406191623/tools/bin/../lib/gcc/arm-none-eabi/12.3.1/../../../../arm-none-eabi/lib/thumb/v7e-m+fp/hard\libc_nano.a(libc_a-findfp.o)
                              C:/ST/STM32CubeIDE_1.16.0/STM32CubeIDE/plugins/com.st.stm32cube.ide.mcu.externaltools.gnu-tools-for-stm32.12.3.rel1.win32_1.0.200.202406191623/tools/bin/../lib/gcc/arm-none-eabi/12.3.1/../../../../arm-none-eabi/lib/thumb/v7e-m+fp/hard\libc_nano.a(libc_a-exit.o) (__stdio_exit_handler)
C:/ST/STM32CubeIDE_1.16.0/STM32CubeIDE/plugins/com.st.stm32cube.ide.mcu.externaltools.gnu-tools-for-stm32.12.3.rel1.win32_1.0.200.202406191623/tools/bin/../lib/gcc/arm-none-eabi/12.3.1/../../../../arm-none-eabi/lib/thumb/v7e-m+fp/hard\libc_nano.a(libc_a-fwalk.o)
                              C:/ST/STM32CubeIDE_1.16.0/STM32CubeIDE/plugins/com.st.stm32cube.ide.mcu.externaltools.gnu-tools-for-stm32.12.3.rel1.win32_1.0.200.202406191623/tools/bin/../lib/gcc/arm-none-eabi/12.3.1/../../../../arm-none-eabi/lib/thumb/v7e-m+fp/hard\libc_nano.a(libc_a-findfp.o) (_fwalk_sglue)
C:/ST/STM32CubeIDE_1.16.0/STM32CubeIDE/plugins/com.st.stm32cube.ide.mcu.externaltools.gnu-tools-for-stm32.12.3.rel1.win32_1.0.200.202406191623/tools/bin/../lib/gcc/arm-none-eabi/12.3.1/../../../../arm-none-eabi/lib/thumb/v7e-m+fp/hard\libc_nano.a(libc_a-sprintf.o)
                              ./Core/MySrc/bsp.o (sprintf)
C:/ST/STM32CubeIDE_1.16.0/STM32CubeIDE/plugins/com.st.stm32cube.ide.mcu.externaltools.gnu-tools-for-stm32.12.3.rel1.win32_1.0.200.202406191623/tools/bin/../lib/gcc/arm-none-eabi/12.3.1/../../../../arm-none-eabi/lib/thumb/v7e-m+fp/hard\libc_nano.a(libc_a-stdio.o)
                              C:/ST/STM32CubeIDE_1.16.0/STM32CubeIDE/plugins/com.st.stm32cube.ide.mcu.externaltools.gnu-tools-for-stm32.12.3.rel1.win32_1.0.200.202406191623/tools/bin/../lib/gcc/arm-none-eabi/12.3.1/../../../../arm-none-eabi/lib/thumb/v7e-m+fp/hard\libc_nano.a(libc_a-findfp.o) (__sread)
C:/ST/STM32CubeIDE_1.16.0/STM32CubeIDE/plugins/com.st.stm32cube.ide.mcu.externaltools.gnu-tools-for-stm32.12.3.rel1.win32_1.0.200.202406191623/tools/bin/../lib/gcc/arm-none-eabi/12.3.1/../../../../arm-none-eabi/lib/thumb/v7e-m+fp/hard\libc_nano.a(libc_a-memset.o)
                              C:/ST/STM32CubeIDE_1.16.0/STM32CubeIDE/plugins/com.st.stm32cube.ide.mcu.externaltools.gnu-tools-for-stm32.12.3.rel1.win32_1.0.200.202406191623/tools/bin/../lib/gcc/arm-none-eabi/12.3.1/../../../../arm-none-eabi/lib/thumb/v7e-m+fp/hard/crt0.o (memset)
C:/ST/STM32CubeIDE_1.16.0/STM32CubeIDE/plugins/com.st.stm32cube.ide.mcu.externaltools.gnu-tools-for-stm32.12.3.rel1.win32_1.0.200.202406191623/tools/bin/../lib/gcc/arm-none-eabi/12.3.1/../../../../arm-none-eabi/lib/thumb/v7e-m+fp/hard\libc_nano.a(libc_a-closer.o)
                              C:/ST/STM32CubeIDE_1.16.0/STM32CubeIDE/plugins/com.st.stm32cube.ide.mcu.externaltools.gnu-tools-for-stm32.12.3.rel1.win32_1.0.200.202406191623/tools/bin/../lib/gcc/arm-none-eabi/12.3.1/../../../../arm-none-eabi/lib/thumb/v7e-m+fp/hard\libc_nano.a(libc_a-stdio.o) (_close_r)
C:/ST/STM32CubeIDE_1.16.0/STM32CubeIDE/plugins/com.st.stm32cube.ide.mcu.externaltools.gnu-tools-for-stm32.12.3.rel1.win32_1.0.200.202406191623/tools/bin/../lib/gcc/arm-none-eabi/12.3.1/../../../../arm-none-eabi/lib/thumb/v7e-m+fp/hard\libc_nano.a(libc_a-reent.o)
                              C:/ST/STM32CubeIDE_1.16.0/STM32CubeIDE/plugins/com.st.stm32cube.ide.mcu.externaltools.gnu-tools-for-stm32.12.3.rel1.win32_1.0.200.202406191623/tools/bin/../lib/gcc/arm-none-eabi/12.3.1/../../../../arm-none-eabi/lib/thumb/v7e-m+fp/hard\libc_nano.a(libc_a-closer.o) (errno)
C:/ST/STM32CubeIDE_1.16.0/STM32CubeIDE/plugins/com.st.stm32cube.ide.mcu.externaltools.gnu-tools-for-stm32.12.3.rel1.win32_1.0.200.202406191623/tools/bin/../lib/gcc/arm-none-eabi/12.3.1/../../../../arm-none-eabi/lib/thumb/v7e-m+fp/hard\libc_nano.a(libc_a-impure.o)
                              C:/ST/STM32CubeIDE_1.16.0/STM32CubeIDE/plugins/com.st.stm32cube.ide.mcu.externaltools.gnu-tools-for-stm32.12.3.rel1.win32_1.0.200.202406191623/tools/bin/../lib/gcc/arm-none-eabi/12.3.1/../../../../arm-none-eabi/lib/thumb/v7e-m+fp/hard\libc_nano.a(libc_a-sprintf.o) (_impure_ptr)
[...]
Memory Configuration

Name             Origin             Length             Attributes
RAM              0x20000000         0x00008000         xrw
FLASH            0x08000000         0x0001c000         xr
*default*        0x00000000         0xffffffff

Linker script and memory map

LOAD C:/ST/STM32CubeIDE_1.16.0/STM32CubeIDE/plugins/com.st.stm32cube.ide.mcu.externaltools.gnu-tools-for-stm32.12.3.rel1.win32_1.0.200.202406191623/tools/bin/../lib/gcc/arm-none-eabi/12.3.1/thumb/v7e-m+fp/hard/crti.o
LOAD C:/ST/STM32CubeIDE_1.16.0/STM32CubeIDE/plugins/com.st.stm32cube.ide.mcu.externaltools.gnu-tools-for-stm32.12.3.rel1.win32_1.0.200.202406191623/tools/bin/../lib/gcc/arm-none-eabi/12.3.1/thumb/v7e-m+fp/hard/crtbegin.o
LOAD C:/ST/STM32CubeIDE_1.16.0/STM32CubeIDE/plugins/com.st.stm32cube.ide.mcu.externaltools.gnu-tools-for-stm32.12.3.rel1.win32_1.0.200.202406191623/tools/bin/../lib/gcc/arm-none-eabi/12.3.1/../../../../arm-none-eabi/lib/thumb/v7e-m+fp/hard/crt0.o
LOAD ./Core/MySrc/blinky.o
LOAD ./Core/MySrc/bsp.o
LOAD ./Core/Src/main.o
LOAD ./Core/Src/stm32g4xx_hal_msp.o
LOAD ./Core/Src/stm32g4xx_it.o
LOAD ./Core/Src/syscalls.o
LOAD ./Core/Src/sysmem.o
LOAD ./Core/Src/system_stm32g4xx.o
LOAD ./Core/Startup/startup_stm32g431rbtx.o
LOAD ./Drivers/STM32G4xx_HAL_Driver/Src/stm32g4xx_hal.o
LOAD ./Drivers/STM32G4xx_HAL_Driver/Src/stm32g4xx_hal_cortex.o
LOAD ./Drivers/STM32G4xx_HAL_Driver/Src/stm32g4xx_hal_dma.o
LOAD ./Drivers/STM32G4xx_HAL_Driver/Src/stm32g4xx_hal_dma_ex.o
LOAD ./Drivers/STM32G4xx_HAL_Driver/Src/stm32g4xx_hal_exti.o
LOAD ./Drivers/STM32G4xx_HAL_Driver/Src/stm32g4xx_hal_flash.o
LOAD ./Drivers/STM32G4xx_HAL_Driver/Src/stm32g4xx_hal_flash_ex.o
LOAD ./Drivers/STM32G4xx_HAL_Driver/Src/stm32g4xx_hal_flash_ramfunc.o
LOAD ./Drivers/STM32G4xx_HAL_Driver/Src/stm32g4xx_hal_gpio.o
LOAD ./Drivers/STM32G4xx_HAL_Driver/Src/stm32g4xx_hal_pwr.o
LOAD ./Drivers/STM32G4xx_HAL_Driver/Src/stm32g4xx_hal_pwr_ex.o
LOAD ./Drivers/STM32G4xx_HAL_Driver/Src/stm32g4xx_hal_rcc.o
LOAD ./Drivers/STM32G4xx_HAL_Driver/Src/stm32g4xx_hal_rcc_ex.o
LOAD ./Drivers/STM32G4xx_HAL_Driver/Src/stm32g4xx_hal_tim.o
LOAD ./Drivers/STM32G4xx_HAL_Driver/Src/stm32g4xx_hal_tim_ex.o
LOAD ./Drivers/STM32G4xx_HAL_Driver/Src/stm32g4xx_hal_uart.o
LOAD ./Drivers/STM32G4xx_HAL_Driver/Src/stm32g4xx_hal_uart_ex.o
LOAD ./Drivers/STM32G4xx_HAL_Driver/Src/stm32g4xx_ll_exti.o
LOAD ./Drivers/STM32G4xx_HAL_Driver/Src/stm32g4xx_ll_utils.o
LOAD ./Middlewares/Third_Party/QuantumLeaps_RTEF_qpc/ports/arm-cm/qk/gnu/qk_port.o
LOAD ./Middlewares/Third_Party/QuantumLeaps_RTEF_qpc/src/qf/qep_hsm.o
LOAD ./Middlewares/Third_Party/QuantumLeaps_RTEF_qpc/src/qf/qep_msm.o
LOAD ./Middlewares/Third_Party/QuantumLeaps_RTEF_qpc/src/qf/qf_act.o
LOAD ./Middlewares/Third_Party/QuantumLeaps_RTEF_qpc/src/qf/qf_actq.o
LOAD ./Middlewares/Third_Party/QuantumLeaps_RTEF_qpc/src/qf/qf_defer.o
LOAD ./Middlewares/Third_Party/QuantumLeaps_RTEF_qpc/src/qf/qf_dyn.o
LOAD ./Middlewares/Third_Party/QuantumLeaps_RTEF_qpc/src/qf/qf_mem.o
LOAD ./Middlewares/Third_Party/QuantumLeaps_RTEF_qpc/src/qf/qf_ps.o
LOAD ./Middlewares/Third_Party/QuantumLeaps_RTEF_qpc/src/qf/qf_qact.o
LOAD ./Middlewares/Third_Party/QuantumLeaps_RTEF_qpc/src/qf/qf_qeq.o
LOAD ./Middlewares/Third_Party/QuantumLeaps_RTEF_qpc/src/qf/qf_qmact.o
LOAD ./Middlewares/Third_Party/QuantumLeaps_RTEF_qpc/src/qf/qf_time.o
LOAD ./Middlewares/Third_Party/QuantumLeaps_RTEF_qpc/src/qk/qk.o
START GROUP
LOAD C:/ST/STM32CubeIDE_1.16.0/STM32CubeIDE/plugins/com.st.stm32cube.ide.mcu.externaltools.gnu-tools-for-stm32.12.3.rel1.win32_1.0.200.202406191623/tools/bin/../lib/gcc/arm-none-eabi/12.3.1/../../../../arm-none-eabi/lib/thumb/v7e-m+fp/hard\libc_nano.a
LOAD C:/ST/STM32CubeIDE_1.16.0/STM32CubeIDE/plugins/com.st.stm32cube.ide.mcu.externaltools.gnu-tools-for-stm32.12.3.rel1.win32_1.0.200.202406191623/tools/bin/../lib/gcc/arm-none-eabi/12.3.1/../../../../arm-none-eabi/lib/thumb/v7e-m+fp/hard\libm.a
END GROUP
START GROUP
LOAD C:/ST/STM32CubeIDE_1.16.0/STM32CubeIDE/plugins/com.st.stm32cube.ide.mcu.externaltools.gnu-tools-for-stm32.12.3.rel1.win32_1.0.200.202406191623/tools/bin/../lib/gcc/arm-none-eabi/12.3.1/thumb/v7e-m+fp/hard\libgcc.a
LOAD C:/ST/STM32CubeIDE_1.16.0/STM32CubeIDE/plugins/com.st.stm32cube.ide.mcu.externaltools.gnu-tools-for-stm32.12.3.rel1.win32_1.0.200.202406191623/tools/bin/../lib/gcc/arm-none-eabi/12.3.1/../../../../arm-none-eabi/lib/thumb/v7e-m+fp/hard\libc_nano.a
END GROUP
START GROUP
LOAD C:/ST/STM32CubeIDE_1.16.0/STM32CubeIDE/plugins/com.st.stm32cube.ide.mcu.externaltools.gnu-tools-for-stm32.12.3.rel1.win32_1.0.200.202406191623/tools/bin/../lib/gcc/arm-none-eabi/12.3.1/thumb/v7e-m+fp/hard\libgcc.a
LOAD C:/ST/STM32CubeIDE_1.16.0/STM32CubeIDE/plugins/com.st.stm32cube.ide.mcu.externaltools.gnu-tools-for-stm32.12.3.rel1.win32_1.0.200.202406191623/tools/bin/../lib/gcc/arm-none-eabi/12.3.1/../../../../arm-none-eabi/lib/thumb/v7e-m+fp/hard\libc_nano.a
LOAD C:/ST/STM32CubeIDE_1.16.0/STM32CubeIDE/plugins/com.st.stm32cube.ide.mcu.externaltools.gnu-tools-for-stm32.12.3.rel1.win32_1.0.200.202406191623/tools/bin/../lib/gcc/arm-none-eabi/12.3.1/../../../../arm-none-eabi/lib/thumb/v7e-m+fp/hard\libnosys.a
END GROUP
START GROUP
LOAD C:/ST/STM32CubeIDE_1.16.0/STM32CubeIDE/plugins/com.st.stm32cube.ide.mcu.externaltools.gnu-tools-for-stm32.12.3.rel1.win32_1.0.200.202406191623/tools/bin/../lib/gcc/arm-none-eabi/12.3.1/thumb/v7e-m+fp/hard\libgcc.a
LOAD C:/ST/STM32CubeIDE_1.16.0/STM32CubeIDE/plugins/com.st.stm32cube.ide.mcu.externaltools.gnu-tools-for-stm32.12.3.rel1.win32_1.0.200.202406191623/tools/bin/../lib/gcc/arm-none-eabi/12.3.1/../../../../arm-none-eabi/lib/thumb/v7e-m+fp/hard\libc_nano.a
LOAD C:/ST/STM32CubeIDE_1.16.0/STM32CubeIDE/plugins/com.st.stm32cube.ide.mcu.externaltools.gnu-tools-for-stm32.12.3.rel1.win32_1.0.200.202406191623/tools/bin/../lib/gcc/arm-none-eabi/12.3.1/../../../../arm-none-eabi/lib/thumb/v7e-m+fp/hard\libnosys.a
END GROUP
LOAD C:/ST/STM32CubeIDE_1.16.0/STM32CubeIDE/plugins/com.st.stm32cube.ide.mcu.externaltools.gnu-tools-for-stm32.12.3.rel1.win32_1.0.200.202406191623/tools/bin/../lib/gcc/arm-none-eabi/12.3.1/thumb/v7e-m+fp/hard/crtend.o
LOAD C:/ST/STM32CubeIDE_1.16.0/STM32CubeIDE/plugins/com.st.stm32cube.ide.mcu.externaltools.gnu-tools-for-stm32.12.3.rel1.win32_1.0.200.202406191623/tools/bin/../lib/gcc/arm-none-eabi/12.3.1/thumb/v7e-m+fp/hard/crtn.o
                0x20008000                        _estack = (ORIGIN (RAM) + LENGTH (RAM))
                0x00000200                        _Min_Heap_Size = 0x200
                0x00000400                        _Min_Stack_Size = 0x400

.isr_vector     0x08000000      0x1d8
                0x08000000                        . = ALIGN (0x4)
 *(.isr_vector)
 .isr_vector    0x08000000      0x1d8 ./Core/Startup/startup_stm32g431rbtx.o
                0x08000000                g_pfnVectors
                0x080001d8                        . = ALIGN (0x4)

.text           0x080001e0     0x4ac0
                0x080001e0                        . = ALIGN (0x4)
 *(.text)
 .text          0x080001e0       0x40 C:/ST/STM32CubeIDE_1.16.0/STM32CubeIDE/plugins/com.st.stm32cube.ide.mcu.externaltools.gnu-tools-for-stm32.12.3.rel1.win32_1.0.200.202406191623/tools/bin/../lib/gcc/arm-none-eabi/12.3.1/thumb/v7e-m+fp/hard/crtbegin.o
 .text          0x08000220       0x10 C:/ST/STM32CubeIDE_1.16.0/STM32CubeIDE/plugins/com.st.stm32cube.ide.mcu.externaltools.gnu-tools-for-stm32.12.3.rel1.win32_1.0.200.202406191623/tools/bin/../lib/gcc/arm-none-eabi/12.3.1/../../../../arm-none-eabi/lib/thumb/v7e-m+fp/hard\libc_nano.a(libc_a-strlen.o)
                0x08000220                strlen
 .text          0x08000230       0xa0 C:/ST/STM32CubeIDE_1.16.0/STM32CubeIDE/plugins/com.st.stm32cube.ide.mcu.externaltools.gnu-tools-for-stm32.12.3.rel1.win32_1.0.200.202406191623/tools/bin/../lib/gcc/arm-none-eabi/12.3.1/../../../../arm-none-eabi/lib/thumb/v7e-m+fp/hard\libc_nano.a(libc_a-memchr.o)
                0x08000230                memchr
 .text          0x080002d0       0x30 C:/ST/STM32CubeIDE_1.16.0/STM32CubeIDE/plugins/com.st.stm32cube.ide.mcu.externaltools.gnu-tools-for-stm32.12.3.rel1.win32_1.0.200.202406191623/tools/bin/../lib/gcc/arm-none-eabi/12.3.1/thumb/v7e-m+fp/hard\libgcc.a(_aeabi_uldivmod.o)
                0x080002d0                __aeabi_uldivmod
 .text          0x08000300      0x2bc C:/ST/STM32CubeIDE_1.16.0/STM32CubeIDE/plugins/com.st.stm32cube.ide.mcu.externaltools.gnu-tools-for-stm32.12.3.rel1.win32_1.0.200.202406191623/tools/bin/../lib/gcc/arm-none-eabi/12.3.1/thumb/v7e-m+fp/hard\libgcc.a(_udivmoddi4.o)
                0x08000300                __udivmoddi4
 .text          0x080005bc        0x4 C:/ST/STM32CubeIDE_1.16.0/STM32CubeIDE/plugins/com.st.stm32cube.ide.mcu.externaltools.gnu-tools-for-stm32.12.3.rel1.win32_1.0.200.202406191623/tools/bin/../lib/gcc/arm-none-eabi/12.3.1/thumb/v7e-m+fp/hard\libgcc.a(_dvmd_tls.o)
                0x080005bc                __aeabi_idiv0
                0x080005bc                __aeabi_ldiv0
 *(.text*)
 .text.Blinky_ctor
                0x080005c0       0x34 ./Core/MySrc/blinky.o
                0x080005c0                Blinky_ctor
 .text.Blinky_initial
                0x080005f4       0x28 ./Core/MySrc/blinky.o
 .text.Blinky_start
                0x0800061c       0x6c ./Core/MySrc/blinky.o
                0x0800061c                Blinky_start
 .text.Blinky_stop
                0x08000688       0x68 ./Core/MySrc/blinky.o
                0x08000688                Blinky_stop
 .text.Blinky_off
                0x080006f0       0x64 ./Core/MySrc/blinky.o
 .text.Blinky_on
                0x08000754       0x64 ./Core/MySrc/blinky.o
 .text.__NVIC_SetPriorityGrouping
                0x080007b8       0x48 ./Core/MySrc/bsp.o
 .text.__NVIC_EnableIRQ
                0x08000800       0x3c ./Core/MySrc/bsp.o
 .text.__NVIC_SetPriority
                0x0800083c       0x54 ./Core/MySrc/bsp.o
 .text.SysTick_Config
                0x08000890       0x44 ./Core/MySrc/bsp.o
 .text.Q_onError
                0x080008d4       0x48 ./Core/MySrc/bsp.o
                0x080008d4                Q_onError
 .text.HAL_GPIO_EXTI_Callback
                0x0800091c       0x40 ./Core/MySrc/bsp.o
                0x0800091c                HAL_GPIO_EXTI_Callback
 .text.SysTick_Handler
                0x0800095c       0x34 ./Core/MySrc/bsp.o
                0x0800095c                SysTick_Handler
 .text.BSP_init
                0x08000990       0x30 ./Core/MySrc/bsp.o
                0x08000990                BSP_init
 .text.BSP_start
                0x080009c0       0x4c ./Core/MySrc/bsp.o
                0x080009c0                BSP_start
 .text.BSP_BtnEvt
                0x08000a0c       0x18 ./Core/MySrc/bsp.o
                0x08000a0c                BSP_BtnEvt
 .text.BSP_blinkyStart
                0x08000a24       0x38 ./Core/MySrc/bsp.o
                0x08000a24                BSP_blinkyStart
 .text.BSP_blinkyStop
                0x08000a5c       0x38 ./Core/MySrc/bsp.o
                0x08000a5c                BSP_blinkyStop
 .text.BSP_ledOn
                0x08000a94       0x16 ./Core/MySrc/bsp.o
                0x08000a94                BSP_ledOn
 .text.BSP_ledOff
                0x08000aaa       0x18 ./Core/MySrc/bsp.o
                0x08000aaa                BSP_ledOff
 *fill*         0x08000ac2        0x2 
 .text.QF_onStartup
                0x08000ac4       0x48 ./Core/MySrc/bsp.o
                0x08000ac4                QF_onStartup
 .text.QK_onIdle
                0x08000b0c        0xe ./Core/MySrc/bsp.o
                0x08000b0c                QK_onIdle
 *fill*         0x08000b1a        0x2 
 .text.LL_RCC_HSI_Enable
                0x08000b1c       0x20 ./Core/Src/main.o
 .text.LL_RCC_HSI_IsReady
                0x08000b3c       0x28 ./Core/Src/main.o
 .text.LL_RCC_HSI_SetCalibTrimming
                0x08000b64       0x2c ./Core/Src/main.o
 .text.LL_RCC_SetSysClkSource
                0x08000b90       0x28 ./Core/Src/main.o
 .text.LL_RCC_GetSysClkSource
                0x08000bb8       0x1c ./Core/Src/main.o
 .text.LL_RCC_SetAHBPrescaler
                0x08000bd4       0x28 ./Core/Src/main.o
 .text.LL_RCC_SetAPB1Prescaler
                0x08000bfc       0x28 ./Core/Src/main.o
 .text.LL_RCC_SetAPB2Prescaler
                0x08000c24       0x28 ./Core/Src/main.o
 .text.LL_RCC_PLL_Enable
                0x08000c4c       0x20 ./Core/Src/main.o
 .text.LL_RCC_PLL_IsReady
                0x08000c6c       0x28 ./Core/Src/main.o
 .text.LL_RCC_PLL_ConfigDomain_SYS
                0x08000c94       0x40 ./Core/Src/main.o
 .text.LL_RCC_PLL_EnableDomain_SYS
                0x08000cd4       0x20 ./Core/Src/main.o
 .text.LL_FLASH_SetLatency
                0x08000cf4       0x28 ./Core/Src/main.o
 .text.LL_FLASH_GetLatency
                0x08000d1c       0x1c ./Core/Src/main.o
 .text.LL_PWR_EnableRange1BoostMode
                0x08000d38       0x24 ./Core/Src/main.o
 .text.main     0x08000d5c       0x70 ./Core/Src/main.o
                0x08000d5c                main
 .text.SystemClock_Config
                0x08000dcc       0xb0 ./Core/Src/main.o
                0x08000dcc                SystemClock_Config
 .text.MX_LPUART1_UART_Init
                0x08000e7c       0x94 ./Core/Src/main.o
 .text.MX_GPIO_Init
                0x08000f10       0xd8 ./Core/Src/main.o
 .text.Error_Handler
                0x08000fe8        0xc ./Core/Src/main.o
                0x08000fe8                Error_Handler
 .text.LL_RCC_SetLPUARTClockSource
                0x08000ff4       0x2c ./Core/Src/stm32g4xx_hal_msp.o
 .text.HAL_MspInit
                0x08001020       0x48 ./Core/Src/stm32g4xx_hal_msp.o
                0x08001020                HAL_MspInit
 .text.HAL_UART_MspInit
                0x08001068       0x8c ./Core/Src/stm32g4xx_hal_msp.o
                0x08001068                HAL_UART_MspInit
 .text.HardFault_Handler
                0x080010f4        0x8 ./Core/Src/stm32g4xx_it.o
                0x080010f4                HardFault_Handler
 .text.MemManage_Handler
                0x080010fc        0x8 ./Core/Src/stm32g4xx_it.o
                0x080010fc                MemManage_Handler
 .text.BusFault_Handler
                0x08001104        0x8 ./Core/Src/stm32g4xx_it.o
                0x08001104                BusFault_Handler
 .text.UsageFault_Handler
                0x0800110c        0x8 ./Core/Src/stm32g4xx_it.o
                0x0800110c                UsageFault_Handler
 .text.SVC_Handler
                0x08001114        0xe ./Core/Src/stm32g4xx_it.o
                0x08001114                SVC_Handler
 .text.DebugMon_Handler
                0x08001122        0xe ./Core/Src/stm32g4xx_it.o
                0x08001122                DebugMon_Handler
 .text.EXTI15_10_IRQHandler
                0x08001130       0x10 ./Core/Src/stm32g4xx_it.o
                0x08001130                EXTI15_10_IRQHandler
 .text._sbrk    0x08001140       0x6c ./Core/Src/sysmem.o
                0x08001140                _sbrk
 .text.SystemInit
                0x080011ac       0x24 ./Core/Src/system_stm32g4xx.o
                0x080011ac                SystemInit
 .text.Reset_Handler
                0x080011d0       0x50 ./Core/Startup/startup_stm32g431rbtx.o
                0x080011d0                Reset_Handler
 .text.Default_Handler
                0x08001220        0x2 ./Core/Startup/startup_stm32g431rbtx.o
                0x08001220                RTC_Alarm_IRQHandler
                0x08001220                EXTI2_IRQHandler
                0x08001220                TIM8_TRG_COM_IRQHandler
                0x08001220                TIM8_CC_IRQHandler
                0x08001220                TIM1_CC_IRQHandler
                0x08001220                USB_HP_IRQHandler
                0x08001220                CORDIC_IRQHandler
                0x08001220                EXTI3_IRQHandler
                0x08001220                I2C3_ER_IRQHandler
                0x08001220                EXTI0_IRQHandler
                0x08001220                I2C2_EV_IRQHandler
                0x08001220                FPU_IRQHandler
                0x08001220                FDCAN1_IT1_IRQHandler
                0x08001220                TIM1_UP_TIM16_IRQHandler
                0x08001220                ADC1_2_IRQHandler
                0x08001220                SPI1_IRQHandler
                0x08001220                TIM6_DAC_IRQHandler
                0x08001220                TIM8_UP_IRQHandler
                0x08001220                DMA2_Channel2_IRQHandler
                0x08001220                DMA1_Channel4_IRQHandler
                0x08001220                USART3_IRQHandler
                0x08001220                TIM4_IRQHandler
                0x08001220                DMA2_Channel1_IRQHandler
                0x08001220                I2C1_EV_IRQHandler
                0x08001220                DMA1_Channel6_IRQHandler
                0x08001220                UART4_IRQHandler
                0x08001220                DMA2_Channel4_IRQHandler
                0x08001220                TIM3_IRQHandler
                0x08001220                RCC_IRQHandler
                0x08001220                DMA1_Channel1_IRQHandler
                0x08001220                Default_Handler
                0x08001220                RTC_TAMP_LSECSS_IRQHandler
                0x08001220                FMAC_IRQHandler
                0x08001220                TIM7_IRQHandler
                0x08001220                UCPD1_IRQHandler
                0x08001220                I2C3_EV_IRQHandler
                0x08001220                EXTI9_5_IRQHandler
                0x08001220                RTC_WKUP_IRQHandler
                0x08001220                PVD_PVM_IRQHandler
                0x08001220                SPI2_IRQHandler
                0x08001220                DMA2_Channel5_IRQHandler
                0x08001220                CRS_IRQHandler
                0x08001220                DMA1_Channel5_IRQHandler
                0x08001220                USB_LP_IRQHandler
                0x08001220                EXTI4_IRQHandler
                0x08001220                RNG_IRQHandler
                0x08001220                TIM1_TRG_COM_TIM17_IRQHandler
                0x08001220                DMA1_Channel3_IRQHandler
                0x08001220                WWDG_IRQHandler
                0x08001220                LPUART1_IRQHandler
                0x08001220                DMA2_Channel6_IRQHandler
                0x08001220                FDCAN1_IT0_IRQHandler
                0x08001220                TIM2_IRQHandler
                0x08001220                COMP1_2_3_IRQHandler
                0x08001220                EXTI1_IRQHandler
                0x08001220                USART2_IRQHandler
                0x08001220                I2C2_ER_IRQHandler
                0x08001220                DMA1_Channel2_IRQHandler
                0x08001220                TIM8_BRK_IRQHandler
                0x08001220                FLASH_IRQHandler
                0x08001220                USART1_IRQHandler
                0x08001220                SPI3_IRQHandler
                0x08001220                I2C1_ER_IRQHandler
                0x08001220                LPTIM1_IRQHandler
                0x08001220                DMAMUX_OVR_IRQHandler
                0x08001220                USBWakeUp_IRQHandler
                0x08001220                SAI1_IRQHandler
                0x08001220                DMA2_Channel3_IRQHandler
                0x08001220                COMP4_IRQHandler
                0x08001220                TIM1_BRK_TIM15_IRQHandler
 .text.HAL_Init
                0x08001222       0x30 ./Drivers/STM32G4xx_HAL_Driver/Src/stm32g4xx_hal.o
                0x08001222                HAL_Init
 *fill*         0x08001252        0x2 
 .text.HAL_InitTick
                0x08001254       0x74 ./Drivers/STM32G4xx_HAL_Driver/Src/stm32g4xx_hal.o
                0x08001254                HAL_InitTick
 .text.HAL_GetTick
                0x080012c8       0x18 ./Drivers/STM32G4xx_HAL_Driver/Src/stm32g4xx_hal.o
                0x080012c8                HAL_GetTick
 .text.__NVIC_SetPriorityGrouping
                0x080012e0       0x48 ./Drivers/STM32G4xx_HAL_Driver/Src/stm32g4xx_hal_cortex.o
 .text.__NVIC_GetPriorityGrouping
                0x08001328       0x1c ./Drivers/STM32G4xx_HAL_Driver/Src/stm32g4xx_hal_cortex.o
 .text.__NVIC_SetPriority
                0x08001344       0x54 ./Drivers/STM32G4xx_HAL_Driver/Src/stm32g4xx_hal_cortex.o
 .text.NVIC_EncodePriority
                0x08001398       0x66 ./Drivers/STM32G4xx_HAL_Driver/Src/stm32g4xx_hal_cortex.o
 *fill*         0x080013fe        0x2 
 .text.SysTick_Config
                0x08001400       0x44 ./Drivers/STM32G4xx_HAL_Driver/Src/stm32g4xx_hal_cortex.o
 .text.HAL_NVIC_SetPriorityGrouping
                0x08001444       0x16 ./Drivers/STM32G4xx_HAL_Driver/Src/stm32g4xx_hal_cortex.o
                0x08001444                HAL_NVIC_SetPriorityGrouping
 .text.HAL_NVIC_SetPriority
                0x0800145a       0x34 ./Drivers/STM32G4xx_HAL_Driver/Src/stm32g4xx_hal_cortex.o
                0x0800145a                HAL_NVIC_SetPriority
 .text.HAL_SYSTICK_Config
                0x0800148e       0x18 ./Drivers/STM32G4xx_HAL_Driver/Src/stm32g4xx_hal_cortex.o
                0x0800148e                HAL_SYSTICK_Config
 *fill*         0x080014a6        0x2 
 .text.HAL_GPIO_Init
                0x080014a8      0x304 ./Drivers/STM32G4xx_HAL_Driver/Src/stm32g4xx_hal_gpio.o
                0x080014a8                HAL_GPIO_Init
 .text.HAL_GPIO_WritePin
                0x080017ac       0x30 ./Drivers/STM32G4xx_HAL_Driver/Src/stm32g4xx_hal_gpio.o
                0x080017ac                HAL_GPIO_WritePin
 .text.HAL_GPIO_EXTI_IRQHandler
                0x080017dc       0x30 ./Drivers/STM32G4xx_HAL_Driver/Src/stm32g4xx_hal_gpio.o
                0x080017dc                HAL_GPIO_EXTI_IRQHandler
 .text.HAL_PWREx_DisableUCPDDeadBattery
                0x0800180c       0x20 ./Drivers/STM32G4xx_HAL_Driver/Src/stm32g4xx_hal_pwr_ex.o
                0x0800180c                HAL_PWREx_DisableUCPDDeadBattery
 .text.HAL_RCC_GetSysClockFreq
                0x0800182c       0xc4 ./Drivers/STM32G4xx_HAL_Driver/Src/stm32g4xx_hal_rcc.o
                0x0800182c                HAL_RCC_GetSysClockFreq
 .text.HAL_RCC_GetHCLKFreq
                0x080018f0       0x18 ./Drivers/STM32G4xx_HAL_Driver/Src/stm32g4xx_hal_rcc.o
                0x080018f0                HAL_RCC_GetHCLKFreq
 .text.HAL_RCC_GetPCLK1Freq
                0x08001908       0x2c ./Drivers/STM32G4xx_HAL_Driver/Src/stm32g4xx_hal_rcc.o
                0x08001908                HAL_RCC_GetPCLK1Freq
 .text.HAL_RCC_GetPCLK2Freq
                0x08001934       0x2c ./Drivers/STM32G4xx_HAL_Driver/Src/stm32g4xx_hal_rcc.o
                0x08001934                HAL_RCC_GetPCLK2Freq
 .text.HAL_UART_Init
                0x08001960       0xa0 ./Drivers/STM32G4xx_HAL_Driver/Src/stm32g4xx_hal_uart.o
                0x08001960                HAL_UART_Init
 .text.HAL_UART_Transmit
                0x08001a00      0x11c ./Drivers/STM32G4xx_HAL_Driver/Src/stm32g4xx_hal_uart.o
                0x08001a00                HAL_UART_Transmit
 .text.UART_SetConfig
                0x08001b1c      0x598 ./Drivers/STM32G4xx_HAL_Driver/Src/stm32g4xx_hal_uart.o
                0x08001b1c                UART_SetConfig
 .text.UART_AdvFeatureConfig
                0x080020b4      0x144 ./Drivers/STM32G4xx_HAL_Driver/Src/stm32g4xx_hal_uart.o
                0x080020b4                UART_AdvFeatureConfig
 .text.UART_CheckIdleState
                0x080021f8      0x154 ./Drivers/STM32G4xx_HAL_Driver/Src/stm32g4xx_hal_uart.o
                0x080021f8                UART_CheckIdleState
 .text.UART_WaitOnFlagUntilTimeout
                0x0800234c       0xda ./Drivers/STM32G4xx_HAL_Driver/Src/stm32g4xx_hal_uart.o
                0x0800234c                UART_WaitOnFlagUntilTimeout
 .text.UART_EndRxTransfer
                0x08002426       0xcc ./Drivers/STM32G4xx_HAL_Driver/Src/stm32g4xx_hal_uart.o
 .text.HAL_UARTEx_DisableFifoMode
                0x080024f2       0x72 ./Drivers/STM32G4xx_HAL_Driver/Src/stm32g4xx_hal_uart_ex.o
                0x080024f2                HAL_UARTEx_DisableFifoMode
 .text.HAL_UARTEx_SetTxFifoThreshold
                0x08002564       0x7c ./Drivers/STM32G4xx_HAL_Driver/Src/stm32g4xx_hal_uart_ex.o
                0x08002564                HAL_UARTEx_SetTxFifoThreshold
 .text.HAL_UARTEx_SetRxFifoThreshold
                0x080025e0       0x7c ./Drivers/STM32G4xx_HAL_Driver/Src/stm32g4xx_hal_uart_ex.o
                0x080025e0                HAL_UARTEx_SetRxFifoThreshold
 .text.UARTEx_SetNbDataToProcess
                0x0800265c       0x9c ./Drivers/STM32G4xx_HAL_Driver/Src/stm32g4xx_hal_uart_ex.o
 .text.LL_SetSystemCoreClock
                0x080026f8       0x20 ./Drivers/STM32G4xx_HAL_Driver/Src/stm32g4xx_ll_utils.o
                0x080026f8                LL_SetSystemCoreClock
 .text.QF_int_disable_
                0x08002718       0x24 ./Middlewares/Third_Party/QuantumLeaps_RTEF_qpc/ports/arm-cm/qk/gnu/qk_port.o
                0x08002718                QF_int_disable_
 .text.QF_int_enable_
                0x0800273c       0x24 ./Middlewares/Third_Party/QuantumLeaps_RTEF_qpc/ports/arm-cm/qk/gnu/qk_port.o
                0x0800273c                QF_int_enable_
 .text.QF_crit_entry_
                0x08002760       0x24 ./Middlewares/Third_Party/QuantumLeaps_RTEF_qpc/ports/arm-cm/qk/gnu/qk_port.o
                0x08002760                QF_crit_entry_
 .text.QF_crit_exit_
                0x08002784       0x24 ./Middlewares/Third_Party/QuantumLeaps_RTEF_qpc/ports/arm-cm/qk/gnu/qk_port.o
                0x08002784                QF_crit_exit_
 .text.QK_init  0x080027a8       0x74 ./Middlewares/Third_Party/QuantumLeaps_RTEF_qpc/ports/arm-cm/qk/gnu/qk_port.o
                0x080027a8                QK_init
 .text.PendSV_Handler
                0x0800281c       0x44 ./Middlewares/Third_Party/QuantumLeaps_RTEF_qpc/ports/arm-cm/qk/gnu/qk_port.o
                0x0800281c                PendSV_Handler
 .text.QK_thread_ret
                0x08002860       0x24 ./Middlewares/Third_Party/QuantumLeaps_RTEF_qpc/ports/arm-cm/qk/gnu/qk_port.o
                0x08002860                QK_thread_ret
 .text.NMI_Handler
                0x08002884       0x10 ./Middlewares/Third_Party/QuantumLeaps_RTEF_qpc/ports/arm-cm/qk/gnu/qk_port.o
                0x08002884                NMI_Handler
 .text.QEvt_verify_
                0x08002894       0x32 ./Middlewares/Third_Party/QuantumLeaps_RTEF_qpc/src/qf/qep_hsm.o
 *fill*         0x080028c6        0x2 
 .text.QHsm_ctor
                0x080028c8       0x30 ./Middlewares/Third_Party/QuantumLeaps_RTEF_qpc/src/qf/qep_hsm.o
                0x080028c8                QHsm_ctor
 .text.QHsm_init_
                0x080028f8      0x154 ./Middlewares/Third_Party/QuantumLeaps_RTEF_qpc/src/qf/qep_hsm.o
                0x080028f8                QHsm_init_
 .text.QHsm_dispatch_
                0x08002a4c      0x218 ./Middlewares/Third_Party/QuantumLeaps_RTEF_qpc/src/qf/qep_hsm.o
                0x08002a4c                QHsm_dispatch_
 .text.QHsm_isIn_
                0x08002c64       0xa4 ./Middlewares/Third_Party/QuantumLeaps_RTEF_qpc/src/qf/qep_hsm.o
                0x08002c64                QHsm_isIn_
 .text.QHsm_tran_
                0x08002d08      0x208 ./Middlewares/Third_Party/QuantumLeaps_RTEF_qpc/src/qf/qep_hsm.o
                0x08002d08                QHsm_tran_
 .text.QHsm_top
                0x08002f10       0x18 ./Middlewares/Third_Party/QuantumLeaps_RTEF_qpc/src/qf/qep_hsm.o
                0x08002f10                QHsm_top
 .text.QF_bzero_
                0x08002f28       0x3a ./Middlewares/Third_Party/QuantumLeaps_RTEF_qpc/src/qf/qf_act.o
                0x08002f28                QF_bzero_
 .text.QEvt_verify_
                0x08002f62       0x32 ./Middlewares/Third_Party/QuantumLeaps_RTEF_qpc/src/qf/qf_actq.o
 .text.QEvt_getPoolNum_
                0x08002f94       0x1c ./Middlewares/Third_Party/QuantumLeaps_RTEF_qpc/src/qf/qf_actq.o
 .text.QPSet_insert
                0x08002fb0       0x2a ./Middlewares/Third_Party/QuantumLeaps_RTEF_qpc/src/qf/qf_actq.o
 .text.QPSet_update_
                0x08002fda       0x20 ./Middlewares/Third_Party/QuantumLeaps_RTEF_qpc/src/qf/qf_actq.o
 .text.QEvt_refCtr_inc_
                0x08002ffa       0x22 ./Middlewares/Third_Party/QuantumLeaps_RTEF_qpc/src/qf/qf_actq.o
 .text.QActive_post_
                0x0800301c      0x144 ./Middlewares/Third_Party/QuantumLeaps_RTEF_qpc/src/qf/qf_actq.o
                0x0800301c                QActive_post_
 .text.QActive_get_
                0x08003160       0xa4 ./Middlewares/Third_Party/QuantumLeaps_RTEF_qpc/src/qf/qf_actq.o
                0x08003160                QActive_get_
 .text.QEvt_verify_
                0x08003204       0x32 ./Middlewares/Third_Party/QuantumLeaps_RTEF_qpc/src/qf/qf_dyn.o
 .text.QEvt_getPoolNum_
                0x08003236       0x1c ./Middlewares/Third_Party/QuantumLeaps_RTEF_qpc/src/qf/qf_dyn.o
 .text.QEvt_refCtr_dec_
                0x08003252       0x22 ./Middlewares/Third_Party/QuantumLeaps_RTEF_qpc/src/qf/qf_dyn.o
 .text.QF_poolInit
                0x08003274       0x84 ./Middlewares/Third_Party/QuantumLeaps_RTEF_qpc/src/qf/qf_dyn.o
                0x08003274                QF_poolInit
 .text.QF_gc    0x080032f8       0x94 ./Middlewares/Third_Party/QuantumLeaps_RTEF_qpc/src/qf/qf_dyn.o
                0x080032f8                QF_gc
 .text.QMPool_init
                0x0800338c      0x108 ./Middlewares/Third_Party/QuantumLeaps_RTEF_qpc/src/qf/qf_mem.o
                0x0800338c                QMPool_init
 .text.QMPool_put
                0x08003494       0x74 ./Middlewares/Third_Party/QuantumLeaps_RTEF_qpc/src/qf/qf_mem.o
                0x08003494                QMPool_put
 .text.QEvt_getPoolNum_
                0x08003508       0x1c ./Middlewares/Third_Party/QuantumLeaps_RTEF_qpc/src/qf/qf_ps.o
 .text.QPSet_setEmpty
                0x08003524       0x1a ./Middlewares/Third_Party/QuantumLeaps_RTEF_qpc/src/qf/qf_ps.o
 .text.QPSet_notEmpty
                0x0800353e       0x22 ./Middlewares/Third_Party/QuantumLeaps_RTEF_qpc/src/qf/qf_ps.o
 .text.QPSet_insert
                0x08003560       0x2a ./Middlewares/Third_Party/QuantumLeaps_RTEF_qpc/src/qf/qf_ps.o
 .text.QPSet_remove
                0x0800358a       0x2c ./Middlewares/Third_Party/QuantumLeaps_RTEF_qpc/src/qf/qf_ps.o
 .text.QPSet_findMax
                0x080035b6       0x20 ./Middlewares/Third_Party/QuantumLeaps_RTEF_qpc/src/qf/qf_ps.o
 .text.QPSet_update_
                0x080035d6       0x20 ./Middlewares/Third_Party/QuantumLeaps_RTEF_qpc/src/qf/qf_ps.o
 .text.QPSet_verify_
                0x080035f6       0x2a ./Middlewares/Third_Party/QuantumLeaps_RTEF_qpc/src/qf/qf_ps.o
 .text.QEvt_refCtr_inc_
                0x08003620       0x22 ./Middlewares/Third_Party/QuantumLeaps_RTEF_qpc/src/qf/qf_ps.o
 *fill*         0x08003642        0x2 
 .text.QActive_psInit
                0x08003644       0x64 ./Middlewares/Third_Party/QuantumLeaps_RTEF_qpc/src/qf/qf_ps.o
                0x08003644                QActive_psInit
 .text.QActive_publish_
                0x080036a8      0x184 ./Middlewares/Third_Party/QuantumLeaps_RTEF_qpc/src/qf/qf_ps.o
                0x080036a8                QActive_publish_
 .text.QActive_subscribe
                0x0800382c       0xc4 ./Middlewares/Third_Party/QuantumLeaps_RTEF_qpc/src/qf/qf_ps.o
                0x0800382c                QActive_subscribe
 .text.QActive_ctor
                0x080038f0       0x2c ./Middlewares/Third_Party/QuantumLeaps_RTEF_qpc/src/qf/qf_qact.o
                0x080038f0                QActive_ctor
 .text.QActive_register_
                0x0800391c      0x118 ./Middlewares/Third_Party/QuantumLeaps_RTEF_qpc/src/qf/qf_qact.o
                0x0800391c                QActive_register_
 .text.QEQueue_init
                0x08003a34       0x54 ./Middlewares/Third_Party/QuantumLeaps_RTEF_qpc/src/qf/qf_qeq.o
                0x08003a34                QEQueue_init
 .text.QEvt_verify_
                0x08003a88       0x32 ./Middlewares/Third_Party/QuantumLeaps_RTEF_qpc/src/qf/qf_time.o
 *fill*         0x08003aba        0x2 
 .text.QTimeEvt_ctorX
                0x08003abc       0x68 ./Middlewares/Third_Party/QuantumLeaps_RTEF_qpc/src/qf/qf_time.o
                0x08003abc                QTimeEvt_ctorX
 .text.QTimeEvt_armX
                0x08003b24       0xb4 ./Middlewares/Third_Party/QuantumLeaps_RTEF_qpc/src/qf/qf_time.o
                0x08003b24                QTimeEvt_armX
 .text.QTimeEvt_disarm
                0x08003bd8       0x52 ./Middlewares/Third_Party/QuantumLeaps_RTEF_qpc/src/qf/qf_time.o
                0x08003bd8                QTimeEvt_disarm
 *fill*         0x08003c2a        0x2 
 .text.QTimeEvt_tick_
                0x08003c2c      0x170 ./Middlewares/Third_Party/QuantumLeaps_RTEF_qpc/src/qf/qf_time.o
                0x08003c2c                QTimeEvt_tick_
 .text.QPSet_isEmpty
                0x08003d9c       0x22 ./Middlewares/Third_Party/QuantumLeaps_RTEF_qpc/src/qk/qk.o
 .text.QPSet_remove
                0x08003dbe       0x2c ./Middlewares/Third_Party/QuantumLeaps_RTEF_qpc/src/qk/qk.o
 .text.QPSet_findMax
                0x08003dea       0x20 ./Middlewares/Third_Party/QuantumLeaps_RTEF_qpc/src/qk/qk.o
 .text.QPSet_update_
                0x08003e0a       0x20 ./Middlewares/Third_Party/QuantumLeaps_RTEF_qpc/src/qk/qk.o
 .text.QPSet_verify_
                0x08003e2a       0x2a ./Middlewares/Third_Party/QuantumLeaps_RTEF_qpc/src/qk/qk.o
 .text.QK_schedLock
                0x08003e54       0x70 ./Middlewares/Third_Party/QuantumLeaps_RTEF_qpc/src/qk/qk.o
                0x08003e54                QK_schedLock
 .text.QK_schedUnlock
                0x08003ec4       0x78 ./Middlewares/Third_Party/QuantumLeaps_RTEF_qpc/src/qk/qk.o
                0x08003ec4                QK_schedUnlock
 .text.QK_sched_
                0x08003f3c       0xc8 ./Middlewares/Third_Party/QuantumLeaps_RTEF_qpc/src/qk/qk.o
                0x08003f3c                QK_sched_
 .text.QK_activate_
                0x08004004      0x1f0 ./Middlewares/Third_Party/QuantumLeaps_RTEF_qpc/src/qk/qk.o
                0x08004004                QK_activate_
 .text.QF_init  0x080041f4       0x98 ./Middlewares/Third_Party/QuantumLeaps_RTEF_qpc/src/qk/qk.o
                0x080041f4                QF_init
 .text.QF_run   0x0800428c       0x3c ./Middlewares/Third_Party/QuantumLeaps_RTEF_qpc/src/qk/qk.o
                0x0800428c                QF_run
 .text.QActive_start_
                0x080042c8       0x90 ./Middlewares/Third_Party/QuantumLeaps_RTEF_qpc/src/qk/qk.o
                0x080042c8                QActive_start_
 .text.sprintf  0x08004358       0x40 C:/ST/STM32CubeIDE_1.16.0/STM32CubeIDE/plugins/com.st.stm32cube.ide.mcu.externaltools.gnu-tools-for-stm32.12.3.rel1.win32_1.0.200.202406191623/tools/bin/../lib/gcc/arm-none-eabi/12.3.1/../../../../arm-none-eabi/lib/thumb/v7e-m+fp/hard\libc_nano.a(libc_a-sprintf.o)
                0x08004358                siprintf
                0x08004358                sprintf
 .text.__errno  0x08004398        0xc C:/ST/STM32CubeIDE_1.16.0/STM32CubeIDE/plugins/com.st.stm32cube.ide.mcu.externaltools.gnu-tools-for-stm32.12.3.rel1.win32_1.0.200.202406191623/tools/bin/../lib/gcc/arm-none-eabi/12.3.1/../../../../arm-none-eabi/lib/thumb/v7e-m+fp/hard\libc_nano.a(libc_a-errno.o)
                0x08004398                __errno
 .text.__libc_init_array
                0x080043a4       0x48 C:/ST/STM32CubeIDE_1.16.0/STM32CubeIDE/plugins/com.st.stm32cube.ide.mcu.externaltools.gnu-tools-for-stm32.12.3.rel1.win32_1.0.200.202406191623/tools/bin/../lib/gcc/arm-none-eabi/12.3.1/../../../../arm-none-eabi/lib/thumb/v7e-m+fp/hard\libc_nano.a(libc_a-init.o)
                0x080043a4                __libc_init_array
 .text.__retarget_lock_acquire_recursive
                0x080043ec        0x2 C:/ST/STM32CubeIDE_1.16.0/STM32CubeIDE/plugins/com.st.stm32cube.ide.mcu.externaltools.gnu-tools-for-stm32.12.3.rel1.win32_1.0.200.202406191623/tools/bin/../lib/gcc/arm-none-eabi/12.3.1/../../../../arm-none-eabi/lib/thumb/v7e-m+fp/hard\libc_nano.a(libc_a-lock.o)
                0x080043ec                __retarget_lock_acquire_recursive
 .text.__retarget_lock_release_recursive
                0x080043ee        0x2 C:/ST/STM32CubeIDE_1.16.0/STM32CubeIDE/plugins/com.st.stm32cube.ide.mcu.externaltools.gnu-tools-for-stm32.12.3.rel1.win32_1.0.200.202406191623/tools/bin/../lib/gcc/arm-none-eabi/12.3.1/../../../../arm-none-eabi/lib/thumb/v7e-m+fp/hard\libc_nano.a(libc_a-lock.o)
                0x080043ee                __retarget_lock_release_recursive
 .text.memcpy   0x080043f0       0x1c C:/ST/STM32CubeIDE_1.16.0/STM32CubeIDE/plugins/com.st.stm32cube.ide.mcu.externaltools.gnu-tools-for-stm32.12.3.rel1.win32_1.0.200.202406191623/tools/bin/../lib/gcc/arm-none-eabi/12.3.1/../../../../arm-none-eabi/lib/thumb/v7e-m+fp/hard\libc_nano.a(libc_a-memcpy-stub.o)
                0x080043f0                memcpy
 .text._free_r  0x0800440c       0x94 C:/ST/STM32CubeIDE_1.16.0/STM32CubeIDE/plugins/com.st.stm32cube.ide.mcu.externaltools.gnu-tools-for-stm32.12.3.rel1.win32_1.0.200.202406191623/tools/bin/../lib/gcc/arm-none-eabi/12.3.1/../../../../arm-none-eabi/lib/thumb/v7e-m+fp/hard\libc_nano.a(libc_a-freer.o)
                0x0800440c                _free_r
 .text.sbrk_aligned
                0x080044a0       0x44 C:/ST/STM32CubeIDE_1.16.0/STM32CubeIDE/plugins/com.st.stm32cube.ide.mcu.externaltools.gnu-tools-for-stm32.12.3.rel1.win32_1.0.200.202406191623/tools/bin/../lib/gcc/arm-none-eabi/12.3.1/../../../../arm-none-eabi/lib/thumb/v7e-m+fp/hard\libc_nano.a(libc_a-mallocr.o)
 .text._malloc_r
                0x080044e4      0x100 C:/ST/STM32CubeIDE_1.16.0/STM32CubeIDE/plugins/com.st.stm32cube.ide.mcu.externaltools.gnu-tools-for-stm32.12.3.rel1.win32_1.0.200.202406191623/tools/bin/../lib/gcc/arm-none-eabi/12.3.1/../../../../arm-none-eabi/lib/thumb/v7e-m+fp/hard\libc_nano.a(libc_a-mallocr.o)
                0x080044e4                _malloc_r
 .text.__malloc_lock
                0x080045e4        0xc C:/ST/STM32CubeIDE_1.16.0/STM32CubeIDE/plugins/com.st.stm32cube.ide.mcu.externaltools.gnu-tools-for-stm32.12.3.rel1.win32_1.0.200.202406191623/tools/bin/../lib/gcc/arm-none-eabi/12.3.1/../../../../arm-none-eabi/lib/thumb/v7e-m+fp/hard\libc_nano.a(libc_a-mlock.o)
                0x080045e4                __malloc_lock
 .text.__malloc_unlock
                0x080045f0        0xc C:/ST/STM32CubeIDE_1.16.0/STM32CubeIDE/plugins/com.st.stm32cube.ide.mcu.externaltools.gnu-tools-for-stm32.12.3.rel1.win32_1.0.200.202406191623/tools/bin/../lib/gcc/arm-none-eabi/12.3.1/../../../../arm-none-eabi/lib/thumb/v7e-m+fp/hard\libc_nano.a(libc_a-mlock.o)
                0x080045f0                __malloc_unlock
 .text.__ssputs_r
                0x080045fc       0xb6 C:/ST/STM32CubeIDE_1.16.0/STM32CubeIDE/plugins/com.st.stm32cube.ide.mcu.externaltools.gnu-tools-for-stm32.12.3.rel1.win32_1.0.200.202406191623/tools/bin/../lib/gcc/arm-none-eabi/12.3.1/../../../../arm-none-eabi/lib/thumb/v7e-m+fp/hard\libc_nano.a(libc_a-nano-svfprintf.o)
                0x080045fc                __ssputs_r
 *fill*         0x080046b2        0x2 
 .text._svfprintf_r
                0x080046b4      0x1f8 C:/ST/STM32CubeIDE_1.16.0/STM32CubeIDE/plugins/com.st.stm32cube.ide.mcu.externaltools.gnu-tools-for-stm32.12.3.rel1.win32_1.0.200.202406191623/tools/bin/../lib/gcc/arm-none-eabi/12.3.1/../../../../arm-none-eabi/lib/thumb/v7e-m+fp/hard\libc_nano.a(libc_a-nano-svfprintf.o)
                0x080046b4                _svfiprintf_r
                0x080046b4                _svfprintf_r
 .text._printf_common
                0x080048ac       0xda C:/ST/STM32CubeIDE_1.16.0/STM32CubeIDE/plugins/com.st.stm32cube.ide.mcu.externaltools.gnu-tools-for-stm32.12.3.rel1.win32_1.0.200.202406191623/tools/bin/../lib/gcc/arm-none-eabi/12.3.1/../../../../arm-none-eabi/lib/thumb/v7e-m+fp/hard\libc_nano.a(libc_a-nano-vfprintf_i.o)
                0x080048ac                _printf_common
 *fill*         0x08004986        0x2 
 .text._printf_i
                0x08004988      0x240 C:/ST/STM32CubeIDE_1.16.0/STM32CubeIDE/plugins/com.st.stm32cube.ide.mcu.externaltools.gnu-tools-for-stm32.12.3.rel1.win32_1.0.200.202406191623/tools/bin/../lib/gcc/arm-none-eabi/12.3.1/../../../../arm-none-eabi/lib/thumb/v7e-m+fp/hard\libc_nano.a(libc_a-nano-vfprintf_i.o)
                0x08004988                _printf_i
 .text.memmove  0x08004bc8       0x34 C:/ST/STM32CubeIDE_1.16.0/STM32CubeIDE/plugins/com.st.stm32cube.ide.mcu.externaltools.gnu-tools-for-stm32.12.3.rel1.win32_1.0.200.202406191623/tools/bin/../lib/gcc/arm-none-eabi/12.3.1/../../../../arm-none-eabi/lib/thumb/v7e-m+fp/hard\libc_nano.a(libc_a-memmove.o)
                0x08004bc8                memmove
 .text._sbrk_r  0x08004bfc       0x20 C:/ST/STM32CubeIDE_1.16.0/STM32CubeIDE/plugins/com.st.stm32cube.ide.mcu.externaltools.gnu-tools-for-stm32.12.3.rel1.win32_1.0.200.202406191623/tools/bin/../lib/gcc/arm-none-eabi/12.3.1/../../../../arm-none-eabi/lib/thumb/v7e-m+fp/hard\libc_nano.a(libc_a-sbrkr.o)
                0x08004bfc                _sbrk_r
 .text._realloc_r
                0x08004c1c       0x5c C:/ST/STM32CubeIDE_1.16.0/STM32CubeIDE/plugins/com.st.stm32cube.ide.mcu.externaltools.gnu-tools-for-stm32.12.3.rel1.win32_1.0.200.202406191623/tools/bin/../lib/gcc/arm-none-eabi/12.3.1/../../../../arm-none-eabi/lib/thumb/v7e-m+fp/hard\libc_nano.a(libc_a-reallocr.o)
                0x08004c1c                _realloc_r
 .text._malloc_usable_size_r
                0x08004c78       0x10 C:/ST/STM32CubeIDE_1.16.0/STM32CubeIDE/plugins/com.st.stm32cube.ide.mcu.externaltools.gnu-tools-for-stm32.12.3.rel1.win32_1.0.200.202406191623/tools/bin/../lib/gcc/arm-none-eabi/12.3.1/../../../../arm-none-eabi/lib/thumb/v7e-m+fp/hard\libc_nano.a(libc_a-msizer.o)
                0x08004c78                _malloc_usable_size_r
 *(.glue_7)
 .glue_7        0x08004c88        0x0 linker stubs
 *(.glue_7t)
 .glue_7t       0x08004c88        0x0 linker stubs
 *(.eh_frame)
 .eh_frame      0x08004c88        0x0 C:/ST/STM32CubeIDE_1.16.0/STM32CubeIDE/plugins/com.st.stm32cube.ide.mcu.externaltools.gnu-tools-for-stm32.12.3.rel1.win32_1.0.200.202406191623/tools/bin/../lib/gcc/arm-none-eabi/12.3.1/thumb/v7e-m+fp/hard/crtbegin.o
 *(.init)
 .init          0x08004c88        0x4 C:/ST/STM32CubeIDE_1.16.0/STM32CubeIDE/plugins/com.st.stm32cube.ide.mcu.externaltools.gnu-tools-for-stm32.12.3.rel1.win32_1.0.200.202406191623/tools/bin/../lib/gcc/arm-none-eabi/12.3.1/thumb/v7e-m+fp/hard/crti.o
                0x08004c88                _init
 .init          0x08004c8c        0x8 C:/ST/STM32CubeIDE_1.16.0/STM32CubeIDE/plugins/com.st.stm32cube.ide.mcu.externaltools.gnu-tools-for-stm32.12.3.rel1.win32_1.0.200.202406191623/tools/bin/../lib/gcc/arm-none-eabi/12.3.1/thumb/v7e-m+fp/hard/crtn.o
 *(.fini)
 .fini          0x08004c94        0x4 C:/ST/STM32CubeIDE_1.16.0/STM32CubeIDE/plugins/com.st.stm32cube.ide.mcu.externaltools.gnu-tools-for-stm32.12.3.rel1.win32_1.0.200.202406191623/tools/bin/../lib/gcc/arm-none-eabi/12.3.1/thumb/v7e-m+fp/hard/crti.o
                0x08004c94                _fini
 .fini          0x08004c98        0x8 C:/ST/STM32CubeIDE_1.16.0/STM32CubeIDE/plugins/com.st.stm32cube.ide.mcu.externaltools.gnu-tools-for-stm32.12.3.rel1.win32_1.0.200.202406191623/tools/bin/../lib/gcc/arm-none-eabi/12.3.1/thumb/v7e-m+fp/hard/crtn.o
                0x08004ca0                        . = ALIGN (0x4)
                0x08004ca0                        _etext = .

.vfp11_veneer   0x08004ca0        0x0
 .vfp11_veneer  0x08004ca0        0x0 linker stubs

.v4_bx          0x08004ca0        0x0
 .v4_bx         0x08004ca0        0x0 linker stubs

.iplt           0x08004ca0        0x0
 .iplt          0x08004ca0        0x0 C:/ST/STM32CubeIDE_1.16.0/STM32CubeIDE/plugins/com.st.stm32cube.ide.mcu.externaltools.gnu-tools-for-stm32.12.3.rel1.win32_1.0.200.202406191623/tools/bin/../lib/gcc/arm-none-eabi/12.3.1/thumb/v7e-m+fp/hard/crtbegin.o

.rodata         0x08004ca0      0x118
                0x08004ca0                        . = ALIGN (0x4)
 *(.rodata)
 .rodata        0x08004ca0       0x1b ./Core/MySrc/bsp.o
 *fill*         0x08004cbb        0x1 
 .rodata        0x08004cbc       0x21 ./Core/Src/main.o
 *(.rodata*)
 *fill*         0x08004cdd        0x3 
 .rodata.AO_Blinky
                0x08004ce0        0x4 ./Core/MySrc/blinky.o
                0x08004ce0                AO_Blinky
 .rodata.btnEvt.0
                0x08004ce4        0x4 ./Core/MySrc/bsp.o
 .rodata.APBPrescTable
                0x08004ce8        0x8 ./Core/Src/system_stm32g4xx.o
                0x08004ce8                APBPrescTable
 .rodata.UARTPrescTable
                0x08004cf0       0x18 ./Drivers/STM32G4xx_HAL_Driver/Src/stm32g4xx_hal_uart.o
                0x08004cf0                UARTPrescTable
 .rodata.numerator.1
                0x08004d08        0x8 ./Drivers/STM32G4xx_HAL_Driver/Src/stm32g4xx_hal_uart_ex.o
 .rodata.denominator.0
                0x08004d10        0x8 ./Drivers/STM32G4xx_HAL_Driver/Src/stm32g4xx_hal_uart_ex.o
 .rodata.QF_port_module_
                0x08004d18        0x8 ./Middlewares/Third_Party/QuantumLeaps_RTEF_qpc/ports/arm-cm/qk/gnu/qk_port.o
                0x08004d18                QF_port_module_
 .rodata.Q_this_module_
                0x08004d20        0x8 ./Middlewares/Third_Party/QuantumLeaps_RTEF_qpc/src/qf/qep_hsm.o
 .rodata.QEvt_reserved_
                0x08004d28       0x10 ./Middlewares/Third_Party/QuantumLeaps_RTEF_qpc/src/qf/qep_hsm.o
                0x08004d28                QEvt_reserved_
 .rodata.vtable.0
                0x08004d38        0xc ./Middlewares/Third_Party/QuantumLeaps_RTEF_qpc/src/qf/qep_hsm.o
 .rodata.Q_this_module_
                0x08004d44        0x8 ./Middlewares/Third_Party/QuantumLeaps_RTEF_qpc/src/qf/qf_actq.o
 .rodata.Q_this_module_
                0x08004d4c        0x7 ./Middlewares/Third_Party/QuantumLeaps_RTEF_qpc/src/qf/qf_dyn.o
 *fill*         0x08004d53        0x1 
 .rodata.Q_this_module_
                0x08004d54        0x7 ./Middlewares/Third_Party/QuantumLeaps_RTEF_qpc/src/qf/qf_mem.o
 *fill*         0x08004d5b        0x1 
 .rodata.Q_this_module_
                0x08004d5c        0x6 ./Middlewares/Third_Party/QuantumLeaps_RTEF_qpc/src/qf/qf_ps.o
 *fill*         0x08004d62        0x2 
 .rodata.Q_this_module_
                0x08004d64        0x8 ./Middlewares/Third_Party/QuantumLeaps_RTEF_qpc/src/qf/qf_qact.o
 .rodata.vtable.0
                0x08004d6c        0xc ./Middlewares/Third_Party/QuantumLeaps_RTEF_qpc/src/qf/qf_qact.o
 .rodata.Q_this_module_
                0x08004d78        0x8 ./Middlewares/Third_Party/QuantumLeaps_RTEF_qpc/src/qf/qf_time.o
 .rodata.Q_this_module_
                0x08004d80        0x3 ./Middlewares/Third_Party/QuantumLeaps_RTEF_qpc/src/qk/qk.o
 .rodata._svfprintf_r.str1.1
                0x08004d83       0x11 C:/ST/STM32CubeIDE_1.16.0/STM32CubeIDE/plugins/com.st.stm32cube.ide.mcu.externaltools.gnu-tools-for-stm32.12.3.rel1.win32_1.0.200.202406191623/tools/bin/../lib/gcc/arm-none-eabi/12.3.1/../../../../arm-none-eabi/lib/thumb/v7e-m+fp/hard\libc_nano.a(libc_a-nano-svfprintf.o)
 .rodata._printf_i.str1.1
                0x08004d94       0x22 C:/ST/STM32CubeIDE_1.16.0/STM32CubeIDE/plugins/com.st.stm32cube.ide.mcu.externaltools.gnu-tools-for-stm32.12.3.rel1.win32_1.0.200.202406191623/tools/bin/../lib/gcc/arm-none-eabi/12.3.1/../../../../arm-none-eabi/lib/thumb/v7e-m+fp/hard\libc_nano.a(libc_a-nano-vfprintf_i.o)
                0x08004db8                        . = ALIGN (0x4)
 *fill*         0x08004db6        0x2 

.ARM.extab      0x08004db8        0x0
                0x08004db8                        . = ALIGN (0x4)
 *(.ARM.extab* .gnu.linkonce.armextab.*)
                0x08004db8                        . = ALIGN (0x4)

.ARM            0x08004db8        0x8
                0x08004db8                        . = ALIGN (0x4)
                0x08004db8                        __exidx_start = .
 *(.ARM.exidx*)
 .ARM.exidx     0x08004db8        0x8 C:/ST/STM32CubeIDE_1.16.0/STM32CubeIDE/plugins/com.st.stm32cube.ide.mcu.externaltools.gnu-tools-for-stm32.12.3.rel1.win32_1.0.200.202406191623/tools/bin/../lib/gcc/arm-none-eabi/12.3.1/../../../../arm-none-eabi/lib/thumb/v7e-m+fp/hard\libc_nano.a(libc_a-strlen.o)
 .ARM.exidx     0x08004dc0        0x0 C:/ST/STM32CubeIDE_1.16.0/STM32CubeIDE/plugins/com.st.stm32cube.ide.mcu.externaltools.gnu-tools-for-stm32.12.3.rel1.win32_1.0.200.202406191623/tools/bin/../lib/gcc/arm-none-eabi/12.3.1/../../../../arm-none-eabi/lib/thumb/v7e-m+fp/hard\libc_nano.a(libc_a-memchr.o)
                                  0x8 (size before relaxing)
 .ARM.exidx     0x08004dc0        0x0 C:/ST/STM32CubeIDE_1.16.0/STM32CubeIDE/plugins/com.st.stm32cube.ide.mcu.externaltools.gnu-tools-for-stm32.12.3.rel1.win32_1.0.200.202406191623/tools/bin/../lib/gcc/arm-none-eabi/12.3.1/thumb/v7e-m+fp/hard\libgcc.a(_udivmoddi4.o)
                                  0x8 (size before relaxing)
                0x08004dc0                        __exidx_end = .
                0x08004dc0                        . = ALIGN (0x4)

.preinit_array  0x08004dc0        0x0
                0x08004dc0                        . = ALIGN (0x4)
                0x08004dc0                        PROVIDE (__preinit_array_start = .)
 *(.preinit_array*)
                0x08004dc0                        PROVIDE (__preinit_array_end = .)
                0x08004dc0                        . = ALIGN (0x4)

.init_array     0x08004dc0        0x4
                0x08004dc0                        . = ALIGN (0x4)
                0x08004dc0                        PROVIDE (__init_array_start = .)
 *(SORT_BY_NAME(.init_array.*))
 *(.init_array*)
 .init_array    0x08004dc0        0x4 C:/ST/STM32CubeIDE_1.16.0/STM32CubeIDE/plugins/com.st.stm32cube.ide.mcu.externaltools.gnu-tools-for-stm32.12.3.rel1.win32_1.0.200.202406191623/tools/bin/../lib/gcc/arm-none-eabi/12.3.1/thumb/v7e-m+fp/hard/crtbegin.o
                0x08004dc4                        PROVIDE (__init_array_end = .)
                0x08004dc4                        . = ALIGN (0x4)

.fini_array     0x08004dc4        0x4
                0x08004dc4                        . = ALIGN (0x4)
                [!provide]                        PROVIDE (__fini_array_start = .)
 *(SORT_BY_NAME(.fini_array.*))
 *(.fini_array*)
 .fini_array    0x08004dc4        0x4 C:/ST/STM32CubeIDE_1.16.0/STM32CubeIDE/plugins/com.st.stm32cube.ide.mcu.externaltools.gnu-tools-for-stm32.12.3.rel1.win32_1.0.200.202406191623/tools/bin/../lib/gcc/arm-none-eabi/12.3.1/thumb/v7e-m+fp/hard/crtbegin.o
                [!provide]                        PROVIDE (__fini_array_end = .)
                0x08004dc8                        . = ALIGN (0x4)
                0x08004dc8                        _sidata = LOADADDR (.data)

.rel.dyn        0x08004dc8        0x0
 .rel.iplt      0x08004dc8        0x0 C:/ST/STM32CubeIDE_1.16.0/STM32CubeIDE/plugins/com.st.stm32cube.ide.mcu.externaltools.gnu-tools-for-stm32.12.3.rel1.win32_1.0.200.202406191623/tools/bin/../lib/gcc/arm-none-eabi/12.3.1/thumb/v7e-m+fp/hard/crtbegin.o

.data           0x20000000       0x5c load address 0x08004dc8
                0x20000000                        . = ALIGN (0x4)
                0x20000000                        _sdata = .
 *(.data)
 *(.data*)
 .data.SystemCoreClock
                0x20000000        0x4 ./Core/Src/system_stm32g4xx.o
                0x20000000                SystemCoreClock
 .data.uwTickPrio
                0x20000004        0x4 ./Drivers/STM32G4xx_HAL_Driver/Src/stm32g4xx_hal.o
                0x20000004                uwTickPrio
 .data.uwTickFreq
                0x20000008        0x4 ./Drivers/STM32G4xx_HAL_Driver/Src/stm32g4xx_hal.o
                0x20000008                uwTickFreq
 .data._impure_ptr
                0x2000000c        0x4 C:/ST/STM32CubeIDE_1.16.0/STM32CubeIDE/plugins/com.st.stm32cube.ide.mcu.externaltools.gnu-tools-for-stm32.12.3.rel1.win32_1.0.200.202406191623/tools/bin/../lib/gcc/arm-none-eabi/12.3.1/../../../../arm-none-eabi/lib/thumb/v7e-m+fp/hard\libc_nano.a(libc_a-impure.o)
                0x2000000c                _impure_ptr
 .data._impure_data
                0x20000010       0x4c C:/ST/STM32CubeIDE_1.16.0/STM32CubeIDE/plugins/com.st.stm32cube.ide.mcu.externaltools.gnu-tools-for-stm32.12.3.rel1.win32_1.0.200.202406191623/tools/bin/../lib/gcc/arm-none-eabi/12.3.1/../../../../arm-none-eabi/lib/thumb/v7e-m+fp/hard\libc_nano.a(libc_a-impure.o)
                0x20000010                _impure_data
 *(.RamFunc)
 *(.RamFunc*)
                0x2000005c                        . = ALIGN (0x4)
                0x2000005c                        _edata = .

.igot.plt       0x2000005c        0x0 load address 0x08004e24
 .igot.plt      0x2000005c        0x0 C:/ST/STM32CubeIDE_1.16.0/STM32CubeIDE/plugins/com.st.stm32cube.ide.mcu.externaltools.gnu-tools-for-stm32.12.3.rel1.win32_1.0.200.202406191623/tools/bin/../lib/gcc/arm-none-eabi/12.3.1/thumb/v7e-m+fp/hard/crtbegin.o
                0x2000005c                        . = ALIGN (0x4)

.bss            0x2000005c      0x484 load address 0x08004e24
                0x2000005c                        _sbss = .
                0x2000005c                        __bss_start__ = _sbss
 *(.bss)
 .bss           0x2000005c       0x1c C:/ST/STM32CubeIDE_1.16.0/STM32CubeIDE/plugins/com.st.stm32cube.ide.mcu.externaltools.gnu-tools-for-stm32.12.3.rel1.win32_1.0.200.202406191623/tools/bin/../lib/gcc/arm-none-eabi/12.3.1/thumb/v7e-m+fp/hard/crtbegin.o
 *(.bss*)
 .bss.Blinky_inst
                0x20000078       0x3c ./Core/MySrc/blinky.o
                0x20000078                Blinky_inst
 .bss.lpuart    0x200000b4       0x94 ./Core/MySrc/bsp.o
                0x200000b4                lpuart
 .bss.smlPoolSto.3
                0x20000148       0x50 ./Core/MySrc/bsp.o
 .bss.subscrSto.2
                0x20000198       0x30 ./Core/MySrc/bsp.o
 .bss.blinkyQueueSto.1
                0x200001c8       0x28 ./Core/MySrc/bsp.o
 .bss.hlpuart1  0x200001f0       0x94 ./Core/Src/main.o
                0x200001f0                hlpuart1
 .bss.__sbrk_heap_end
                0x20000284        0x4 ./Core/Src/sysmem.o
 .bss.uwTick    0x20000288        0x4 ./Drivers/STM32G4xx_HAL_Driver/Src/stm32g4xx_hal.o
                0x20000288                uwTick
 .bss.QActive_registry_
                0x2000028c       0x84 ./Middlewares/Third_Party/QuantumLeaps_RTEF_qpc/src/qf/qf_act.o
                0x2000028c                QActive_registry_
 .bss.QF_priv_  0x20000310       0x40 ./Middlewares/Third_Party/QuantumLeaps_RTEF_qpc/src/qf/qf_act.o
                0x20000310                QF_priv_
 .bss.QActive_subscrList_
                0x20000350        0x4 ./Middlewares/Third_Party/QuantumLeaps_RTEF_qpc/src/qf/qf_ps.o
                0x20000350                QActive_subscrList_
 .bss.QActive_maxPubSignal_
                0x20000354        0x4 ./Middlewares/Third_Party/QuantumLeaps_RTEF_qpc/src/qf/qf_ps.o
                0x20000354                QActive_maxPubSignal_
 .bss.QTimeEvt_timeEvtHead_
                0x20000358       0x14 ./Middlewares/Third_Party/QuantumLeaps_RTEF_qpc/src/qf/qf_time.o
                0x20000358                QTimeEvt_timeEvtHead_
 .bss.QK_priv_  0x2000036c       0x2c ./Middlewares/Third_Party/QuantumLeaps_RTEF_qpc/src/qk/qk.o
                0x2000036c                QK_priv_
 .bss.__sf      0x20000398      0x138 C:/ST/STM32CubeIDE_1.16.0/STM32CubeIDE/plugins/com.st.stm32cube.ide.mcu.externaltools.gnu-tools-for-stm32.12.3.rel1.win32_1.0.200.202406191623/tools/bin/../lib/gcc/arm-none-eabi/12.3.1/../../../../arm-none-eabi/lib/thumb/v7e-m+fp/hard\libc_nano.a(libc_a-findfp.o)
                0x20000398                __sf
 .bss.errno     0x200004d0        0x4 C:/ST/STM32CubeIDE_1.16.0/STM32CubeIDE/plugins/com.st.stm32cube.ide.mcu.externaltools.gnu-tools-for-stm32.12.3.rel1.win32_1.0.200.202406191623/tools/bin/../lib/gcc/arm-none-eabi/12.3.1/../../../../arm-none-eabi/lib/thumb/v7e-m+fp/hard\libc_nano.a(libc_a-reent.o)
                0x200004d0                errno
 .bss.__lock___malloc_recursive_mutex
                0x200004d4        0x1 C:/ST/STM32CubeIDE_1.16.0/STM32CubeIDE/plugins/com.st.stm32cube.ide.mcu.externaltools.gnu-tools-for-stm32.12.3.rel1.win32_1.0.200.202406191623/tools/bin/../lib/gcc/arm-none-eabi/12.3.1/../../../../arm-none-eabi/lib/thumb/v7e-m+fp/hard\libc_nano.a(libc_a-lock.o)
                0x200004d4                __lock___malloc_recursive_mutex
 *fill*         0x200004d5        0x3 
 .bss.__malloc_sbrk_start
                0x200004d8        0x4 C:/ST/STM32CubeIDE_1.16.0/STM32CubeIDE/plugins/com.st.stm32cube.ide.mcu.externaltools.gnu-tools-for-stm32.12.3.rel1.win32_1.0.200.202406191623/tools/bin/../lib/gcc/arm-none-eabi/12.3.1/../../../../arm-none-eabi/lib/thumb/v7e-m+fp/hard\libc_nano.a(libc_a-mallocr.o)
                0x200004d8                __malloc_sbrk_start
 .bss.__malloc_free_list
                0x200004dc        0x4 C:/ST/STM32CubeIDE_1.16.0/STM32CubeIDE/plugins/com.st.stm32cube.ide.mcu.externaltools.gnu-tools-for-stm32.12.3.rel1.win32_1.0.200.202406191623/tools/bin/../lib/gcc/arm-none-eabi/12.3.1/../../../../arm-none-eabi/lib/thumb/v7e-m+fp/hard\libc_nano.a(libc_a-mallocr.o)
                0x200004dc                __malloc_free_list
 *(COMMON)
                0x200004e0                        . = ALIGN (0x4)
                0x200004e0                        _ebss = .
                0x200004e0                        __bss_end__ = _ebss

._user_heap_stack
                0x200004e0      0x600 load address 0x08004e24
                0x200004e0                        . = ALIGN (0x8)
                [!provide]                        PROVIDE (end = .)
                0x200004e0                        PROVIDE (_end = .)
                0x200006e0                        . = (. + _Min_Heap_Size)
 *fill*         0x200004e0      0x200 
                0x20000ae0                        . = (. + _Min_Stack_Size)
 *fill*         0x200006e0      0x400 
                0x20000ae0                        . = ALIGN (0x8)

/DISCARD/
 libc.a(*)
 libm.a(*)
 libgcc.a(*)

.ARM.attributes
                0x00000000       0x30
 *(.ARM.attributes)
 .ARM.attributes
                0x00000000       0x22 C:/ST/STM32CubeIDE_1.16.0/STM32CubeIDE/plugins/com.st.stm32cube.ide.mcu.externaltools.gnu-tools-for-stm32.12.3.rel1.win32_1.0.200.202406191623/tools/bin/../lib/gcc/arm-none-eabi/12.3.1/thumb/v7e-m+fp/hard/crti.o
 .ARM.attributes
                0x00000022       0x34 C:/ST/STM32CubeIDE_1.16.0/STM32CubeIDE/plugins/com.st.stm32cube.ide.mcu.externaltools.gnu-tools-for-stm32.12.3.rel1.win32_1.0.200.202406191623/tools/bin/../lib/gcc/arm-none-eabi/12.3.1/thumb/v7e-m+fp/hard/crtbegin.o
 .ARM.attributes
                0x00000056       0x34 ./Core/MySrc/blinky.o
 .ARM.attributes
                0x0000008a       0x34 ./Core/MySrc/bsp.o
 .ARM.attributes
                0x000000be       0x34 ./Core/Src/main.o
 .ARM.attributes
                0x000000f2       0x34 ./Core/Src/stm32g4xx_hal_msp.o
 .ARM.attributes
                0x00000126       0x34 ./Core/Src/stm32g4xx_it.o
 .ARM.attributes
                0x0000015a       0x34 ./Core/Src/sysmem.o
 .ARM.attributes
                0x0000018e       0x34 ./Core/Src/system_stm32g4xx.o
 .ARM.attributes
                0x000001c2       0x21 ./Core/Startup/startup_stm32g431rbtx.o
 .ARM.attributes
                0x000001e3       0x34 ./Drivers/STM32G4xx_HAL_Driver/Src/stm32g4xx_hal.o
 .ARM.attributes
                0x00000217       0x34 ./Drivers/STM32G4xx_HAL_Driver/Src/stm32g4xx_hal_cortex.o
 .ARM.attributes
                0x0000024b       0x34 ./Drivers/STM32G4xx_HAL_Driver/Src/stm32g4xx_hal_gpio.o
 .ARM.attributes
                0x0000027f       0x34 ./Drivers/STM32G4xx_HAL_Driver/Src/stm32g4xx_hal_pwr_ex.o
 .ARM.attributes
                0x000002b3       0x34 ./Drivers/STM32G4xx_HAL_Driver/Src/stm32g4xx_hal_rcc.o
 .ARM.attributes
                0x000002e7       0x34 ./Drivers/STM32G4xx_HAL_Driver/Src/stm32g4xx_hal_uart.o
 .ARM.attributes
                0x0000031b       0x34 ./Drivers/STM32G4xx_HAL_Driver/Src/stm32g4xx_hal_uart_ex.o
 .ARM.attributes
                0x0000034f       0x34 ./Drivers/STM32G4xx_HAL_Driver/Src/stm32g4xx_ll_utils.o
 .ARM.attributes
                0x00000383       0x34 ./Middlewares/Third_Party/QuantumLeaps_RTEF_qpc/ports/arm-cm/qk/gnu/qk_port.o
 .ARM.attributes
                0x000003b7       0x34 ./Middlewares/Third_Party/QuantumLeaps_RTEF_qpc/src/qf/qep_hsm.o
 .ARM.attributes
                0x000003eb       0x34 ./Middlewares/Third_Party/QuantumLeaps_RTEF_qpc/src/qf/qf_act.o
 .ARM.attributes
                0x0000041f       0x34 ./Middlewares/Third_Party/QuantumLeaps_RTEF_qpc/src/qf/qf_actq.o
 .ARM.attributes
                0x00000453       0x34 ./Middlewares/Third_Party/QuantumLeaps_RTEF_qpc/src/qf/qf_dyn.o
 .ARM.attributes
                0x00000487       0x34 ./Middlewares/Third_Party/QuantumLeaps_RTEF_qpc/src/qf/qf_mem.o
 .ARM.attributes
                0x000004bb       0x34 ./Middlewares/Third_Party/QuantumLeaps_RTEF_qpc/src/qf/qf_ps.o
 .ARM.attributes
                0x000004ef       0x34 ./Middlewares/Third_Party/QuantumLeaps_RTEF_qpc/src/qf/qf_qact.o
 .ARM.attributes
                0x00000523       0x34 ./Middlewares/Third_Party/QuantumLeaps_RTEF_qpc/src/qf/qf_qeq.o
 .ARM.attributes
                0x00000557       0x34 ./Middlewares/Third_Party/QuantumLeaps_RTEF_qpc/src/qf/qf_time.o
 .ARM.attributes
                0x0000058b       0x34 ./Middlewares/Third_Party/QuantumLeaps_RTEF_qpc/src/qk/qk.o
 .ARM.attributes
                0x000005bf       0x34 C:/ST/STM32CubeIDE_1.16.0/STM32CubeIDE/plugins/com.st.stm32cube.ide.mcu.externaltools.gnu-tools-for-stm32.12.3.rel1.win32_1.0.200.202406191623/tools/bin/../lib/gcc/arm-none-eabi/12.3.1/../../../../arm-none-eabi/lib/thumb/v7e-m+fp/hard\libc_nano.a(libc_a-findfp.o)
 .ARM.attributes
                0x000005f3       0x34 C:/ST/STM32CubeIDE_1.16.0/STM32CubeIDE/plugins/com.st.stm32cube.ide.mcu.externaltools.gnu-tools-for-stm32.12.3.rel1.win32_1.0.200.202406191623/tools/bin/../lib/gcc/arm-none-eabi/12.3.1/../../../../arm-none-eabi/lib/thumb/v7e-m+fp/hard\libc_nano.a(libc_a-sprintf.o)
 .ARM.attributes
                0x00000627       0x34 C:/ST/STM32CubeIDE_1.16.0/STM32CubeIDE/plugins/com.st.stm32cube.ide.mcu.externaltools.gnu-tools-for-stm32.12.3.rel1.win32_1.0.200.202406191623/tools/bin/../lib/gcc/arm-none-eabi/12.3.1/../../../../arm-none-eabi/lib/thumb/v7e-m+fp/hard\libc_nano.a(libc_a-reent.o)
 .ARM.attributes
                0x0000065b       0x34 C:/ST/STM32CubeIDE_1.16.0/STM32CubeIDE/plugins/com.st.stm32cube.ide.mcu.externaltools.gnu-tools-for-stm32.12.3.rel1.win32_1.0.200.202406191623/tools/bin/../lib/gcc/arm-none-eabi/12.3.1/../../../../arm-none-eabi/lib/thumb/v7e-m+fp/hard\libc_nano.a(libc_a-impure.o)
 .ARM.attributes
                0x0000068f       0x34 C:/ST/STM32CubeIDE_1.16.0/STM32CubeIDE/plugins/com.st.stm32cube.ide.mcu.externaltools.gnu-tools-for-stm32.12.3.rel1.win32_1.0.200.202406191623/tools/bin/../lib/gcc/arm-none-eabi/12.3.1/../../../../arm-none-eabi/lib/thumb/v7e-m+fp/hard\libc_nano.a(libc_a-errno.o)
 .ARM.attributes
                0x000006c3       0x34 C:/ST/STM32CubeIDE_1.16.0/STM32CubeIDE/plugins/com.st.stm32cube.ide.mcu.externaltools.gnu-tools-for-stm32.12.3.rel1.win32_1.0.200.202406191623/tools/bin/../lib/gcc/arm-none-eabi/12.3.1/../../../../arm-none-eabi/lib/thumb/v7e-m+fp/hard\libc_nano.a(libc_a-init.o)
 .ARM.attributes
                0x000006f7       0x34 C:/ST/STM32CubeIDE_1.16.0/STM32CubeIDE/plugins/com.st.stm32cube.ide.mcu.externaltools.gnu-tools-for-stm32.12.3.rel1.win32_1.0.200.202406191623/tools/bin/../lib/gcc/arm-none-eabi/12.3.1/../../../../arm-none-eabi/lib/thumb/v7e-m+fp/hard\libc_nano.a(libc_a-lock.o)
 .ARM.attributes
                0x0000072b       0x34 C:/ST/STM32CubeIDE_1.16.0/STM32CubeIDE/plugins/com.st.stm32cube.ide.mcu.externaltools.gnu-tools-for-stm32.12.3.rel1.win32_1.0.200.202406191623/tools/bin/../lib/gcc/arm-none-eabi/12.3.1/../../../../arm-none-eabi/lib/thumb/v7e-m+fp/hard\libc_nano.a(libc_a-memcpy-stub.o)
 .ARM.attributes
                0x0000075f       0x17 C:/ST/STM32CubeIDE_1.16.0/STM32CubeIDE/plugins/com.st.stm32cube.ide.mcu.externaltools.gnu-tools-for-stm32.12.3.rel1.win32_1.0.200.202406191623/tools/bin/../lib/gcc/arm-none-eabi/12.3.1/../../../../arm-none-eabi/lib/thumb/v7e-m+fp/hard\libc_nano.a(libc_a-strlen.o)
 .ARM.attributes
                0x00000776       0x34 C:/ST/STM32CubeIDE_1.16.0/STM32CubeIDE/plugins/com.st.stm32cube.ide.mcu.externaltools.gnu-tools-for-stm32.12.3.rel1.win32_1.0.200.202406191623/tools/bin/../lib/gcc/arm-none-eabi/12.3.1/../../../../arm-none-eabi/lib/thumb/v7e-m+fp/hard\libc_nano.a(libc_a-freer.o)
 .ARM.attributes
                0x000007aa       0x34 C:/ST/STM32CubeIDE_1.16.0/STM32CubeIDE/plugins/com.st.stm32cube.ide.mcu.externaltools.gnu-tools-for-stm32.12.3.rel1.win32_1.0.200.202406191623/tools/bin/../lib/gcc/arm-none-eabi/12.3.1/../../../../arm-none-eabi/lib/thumb/v7e-m+fp/hard\libc_nano.a(libc_a-mallocr.o)
 .ARM.attributes
                0x000007de       0x34 C:/ST/STM32CubeIDE_1.16.0/STM32CubeIDE/plugins/com.st.stm32cube.ide.mcu.externaltools.gnu-tools-for-stm32.12.3.rel1.win32_1.0.200.202406191623/tools/bin/../lib/gcc/arm-none-eabi/12.3.1/../../../../arm-none-eabi/lib/thumb/v7e-m+fp/hard\libc_nano.a(libc_a-mlock.o)
 .ARM.attributes
                0x00000812       0x34 C:/ST/STM32CubeIDE_1.16.0/STM32CubeIDE/plugins/com.st.stm32cube.ide.mcu.externaltools.gnu-tools-for-stm32.12.3.rel1.win32_1.0.200.202406191623/tools/bin/../lib/gcc/arm-none-eabi/12.3.1/../../../../arm-none-eabi/lib/thumb/v7e-m+fp/hard\libc_nano.a(libc_a-nano-svfprintf.o)
 .ARM.attributes
                0x00000846       0x34 C:/ST/STM32CubeIDE_1.16.0/STM32CubeIDE/plugins/com.st.stm32cube.ide.mcu.externaltools.gnu-tools-for-stm32.12.3.rel1.win32_1.0.200.202406191623/tools/bin/../lib/gcc/arm-none-eabi/12.3.1/../../../../arm-none-eabi/lib/thumb/v7e-m+fp/hard\libc_nano.a(libc_a-nano-vfprintf_i.o)
 .ARM.attributes
                0x0000087a       0x34 C:/ST/STM32CubeIDE_1.16.0/STM32CubeIDE/plugins/com.st.stm32cube.ide.mcu.externaltools.gnu-tools-for-stm32.12.3.rel1.win32_1.0.200.202406191623/tools/bin/../lib/gcc/arm-none-eabi/12.3.1/../../../../arm-none-eabi/lib/thumb/v7e-m+fp/hard\libc_nano.a(libc_a-memmove.o)
 .ARM.attributes
                0x000008ae       0x34 C:/ST/STM32CubeIDE_1.16.0/STM32CubeIDE/plugins/com.st.stm32cube.ide.mcu.externaltools.gnu-tools-for-stm32.12.3.rel1.win32_1.0.200.202406191623/tools/bin/../lib/gcc/arm-none-eabi/12.3.1/../../../../arm-none-eabi/lib/thumb/v7e-m+fp/hard\libc_nano.a(libc_a-sbrkr.o)
 .ARM.attributes
                0x000008e2       0x1c C:/ST/STM32CubeIDE_1.16.0/STM32CubeIDE/plugins/com.st.stm32cube.ide.mcu.externaltools.gnu-tools-for-stm32.12.3.rel1.win32_1.0.200.202406191623/tools/bin/../lib/gcc/arm-none-eabi/12.3.1/../../../../arm-none-eabi/lib/thumb/v7e-m+fp/hard\libc_nano.a(libc_a-memchr.o)
 .ARM.attributes
                0x000008fe       0x34 C:/ST/STM32CubeIDE_1.16.0/STM32CubeIDE/plugins/com.st.stm32cube.ide.mcu.externaltools.gnu-tools-for-stm32.12.3.rel1.win32_1.0.200.202406191623/tools/bin/../lib/gcc/arm-none-eabi/12.3.1/../../../../arm-none-eabi/lib/thumb/v7e-m+fp/hard\libc_nano.a(libc_a-reallocr.o)
 .ARM.attributes
                0x00000932       0x34 C:/ST/STM32CubeIDE_1.16.0/STM32CubeIDE/plugins/com.st.stm32cube.ide.mcu.externaltools.gnu-tools-for-stm32.12.3.rel1.win32_1.0.200.202406191623/tools/bin/../lib/gcc/arm-none-eabi/12.3.1/../../../../arm-none-eabi/lib/thumb/v7e-m+fp/hard\libc_nano.a(libc_a-msizer.o)
 .ARM.attributes
                0x00000966       0x22 C:/ST/STM32CubeIDE_1.16.0/STM32CubeIDE/plugins/com.st.stm32cube.ide.mcu.externaltools.gnu-tools-for-stm32.12.3.rel1.win32_1.0.200.202406191623/tools/bin/../lib/gcc/arm-none-eabi/12.3.1/thumb/v7e-m+fp/hard\libgcc.a(_aeabi_uldivmod.o)
 .ARM.attributes
                0x00000988       0x34 C:/ST/STM32CubeIDE_1.16.0/STM32CubeIDE/plugins/com.st.stm32cube.ide.mcu.externaltools.gnu-tools-for-stm32.12.3.rel1.win32_1.0.200.202406191623/tools/bin/../lib/gcc/arm-none-eabi/12.3.1/thumb/v7e-m+fp/hard\libgcc.a(_udivmoddi4.o)
 .ARM.attributes
                0x000009bc       0x22 C:/ST/STM32CubeIDE_1.16.0/STM32CubeIDE/plugins/com.st.stm32cube.ide.mcu.externaltools.gnu-tools-for-stm32.12.3.rel1.win32_1.0.200.202406191623/tools/bin/../lib/gcc/arm-none-eabi/12.3.1/thumb/v7e-m+fp/hard\libgcc.a(_dvmd_tls.o)
 .ARM.attributes
                0x000009de       0x22 C:/ST/STM32CubeIDE_1.16.0/STM32CubeIDE/plugins/com.st.stm32cube.ide.mcu.externaltools.gnu-tools-for-stm32.12.3.rel1.win32_1.0.200.202406191623/tools/bin/../lib/gcc/arm-none-eabi/12.3.1/thumb/v7e-m+fp/hard/crtn.o
OUTPUT(QuantumLeaps.elf elf32-littlearm)
LOAD linker stubs
LOAD C:/ST/STM32CubeIDE_1.16.0/STM32CubeIDE/plugins/com.st.stm32cube.ide.mcu.externaltools.gnu-tools-for-stm32.12.3.rel1.win32_1.0.200.202406191623/tools/bin/../lib/gcc/arm-none-eabi/12.3.1/../../../../arm-none-eabi/lib/thumb/v7e-m+fp/hard\libc.a
LOAD C:/ST/STM32CubeIDE_1.16.0/STM32CubeIDE/plugins/com.st.stm32cube.ide.mcu.externaltools.gnu-tools-for-stm32.12.3.rel1.win32_1.0.200.202406191623/tools/bin/../lib/gcc/arm-none-eabi/12.3.1/../../../../arm-none-eabi/lib/thumb/v7e-m+fp/hard\libm.a
LOAD C:/ST/STM32CubeIDE_1.16.0/STM32CubeIDE/plugins/com.st.stm32cube.ide.mcu.externaltools.gnu-tools-for-stm32.12.3.rel1.win32_1.0.200.202406191623/tools/bin/../lib/gcc/arm-none-eabi/12.3.1/thumb/v7e-m+fp/hard\libgcc.a

.debug_info     0x00000000    0x1359f
 .debug_info    0x00000000      0x8ff ./Core/MySrc/blinky.o
 .debug_info    0x000008ff     0x1874 ./Core/MySrc/bsp.o
 .debug_info    0x00002173     0x14ae ./Core/Src/main.o
 .debug_info    0x00003621      0xc32 ./Core/Src/stm32g4xx_hal_msp.o
 .debug_info    0x00004253      0x159 ./Core/Src/stm32g4xx_it.o
 .debug_info    0x000043ac      0x168 ./Core/Src/sysmem.o
 .debug_info    0x00004514      0x58e ./Core/Src/system_stm32g4xx.o
 .debug_info    0x00004aa2       0x30 ./Core/Startup/startup_stm32g431rbtx.o
 .debug_info    0x00004ad2      0xadb ./Drivers/STM32G4xx_HAL_Driver/Src/stm32g4xx_hal.o
 .debug_info    0x000055ad      0xd3f ./Drivers/STM32G4xx_HAL_Driver/Src/stm32g4xx_hal_cortex.o
 .debug_info    0x000062ec      0x763 ./Drivers/STM32G4xx_HAL_Driver/Src/stm32g4xx_hal_gpio.o
 .debug_info    0x00006a4f      0x93f ./Drivers/STM32G4xx_HAL_Driver/Src/stm32g4xx_hal_pwr_ex.o
 .debug_info    0x0000738e      0xb82 ./Drivers/STM32G4xx_HAL_Driver/Src/stm32g4xx_hal_rcc.o
 .debug_info    0x00007f10     0x481e ./Drivers/STM32G4xx_HAL_Driver/Src/stm32g4xx_hal_uart.o
 .debug_info    0x0000c72e      0xfdd ./Drivers/STM32G4xx_HAL_Driver/Src/stm32g4xx_hal_uart_ex.o
 .debug_info    0x0000d70b      0xbbc ./Drivers/STM32G4xx_HAL_Driver/Src/stm32g4xx_ll_utils.o
 .debug_info    0x0000e2c7      0x199 ./Middlewares/Third_Party/QuantumLeaps_RTEF_qpc/ports/arm-cm/qk/gnu/qk_port.o
 .debug_info    0x0000e460      0x8ac ./Middlewares/Third_Party/QuantumLeaps_RTEF_qpc/src/qf/qep_hsm.o
 .debug_info    0x0000ed0c      0x6fb ./Middlewares/Third_Party/QuantumLeaps_RTEF_qpc/src/qf/qf_act.o
 .debug_info    0x0000f407      0xb5e ./Middlewares/Third_Party/QuantumLeaps_RTEF_qpc/src/qf/qf_actq.o
 .debug_info    0x0000ff65      0x5c2 ./Middlewares/Third_Party/QuantumLeaps_RTEF_qpc/src/qf/qf_dyn.o
 .debug_info    0x00010527      0x36b ./Middlewares/Third_Party/QuantumLeaps_RTEF_qpc/src/qf/qf_mem.o
 .debug_info    0x00010892      0xb32 ./Middlewares/Third_Party/QuantumLeaps_RTEF_qpc/src/qf/qf_ps.o
 .debug_info    0x000113c4      0x735 ./Middlewares/Third_Party/QuantumLeaps_RTEF_qpc/src/qf/qf_qact.o
 .debug_info    0x00011af9      0x423 ./Middlewares/Third_Party/QuantumLeaps_RTEF_qpc/src/qf/qf_qeq.o
 .debug_info    0x00011f1c      0x97c ./Middlewares/Third_Party/QuantumLeaps_RTEF_qpc/src/qf/qf_time.o
 .debug_info    0x00012898      0xd07 ./Middlewares/Third_Party/QuantumLeaps_RTEF_qpc/src/qk/qk.o

.debug_abbrev   0x00000000     0x3e5b
 .debug_abbrev  0x00000000      0x280 ./Core/MySrc/blinky.o
 .debug_abbrev  0x00000280      0x3c7 ./Core/MySrc/bsp.o
 .debug_abbrev  0x00000647      0x326 ./Core/Src/main.o
 .debug_abbrev  0x0000096d      0x1c8 ./Core/Src/stm32g4xx_hal_msp.o
 .debug_abbrev  0x00000b35       0xb5 ./Core/Src/stm32g4xx_it.o
 .debug_abbrev  0x00000bea       0xbc ./Core/Src/sysmem.o
 .debug_abbrev  0x00000ca6      0x11a ./Core/Src/system_stm32g4xx.o
 .debug_abbrev  0x00000dc0       0x24 ./Core/Startup/startup_stm32g431rbtx.o
 .debug_abbrev  0x00000de4      0x271 ./Drivers/STM32G4xx_HAL_Driver/Src/stm32g4xx_hal.o
 .debug_abbrev  0x00001055      0x31c ./Drivers/STM32G4xx_HAL_Driver/Src/stm32g4xx_hal_cortex.o
 .debug_abbrev  0x00001371      0x1cb ./Drivers/STM32G4xx_HAL_Driver/Src/stm32g4xx_hal_gpio.o
 .debug_abbrev  0x0000153c      0x22c ./Drivers/STM32G4xx_HAL_Driver/Src/stm32g4xx_hal_pwr_ex.o
 .debug_abbrev  0x00001768      0x2c9 ./Drivers/STM32G4xx_HAL_Driver/Src/stm32g4xx_hal_rcc.o
 .debug_abbrev  0x00001a31      0x304 ./Drivers/STM32G4xx_HAL_Driver/Src/stm32g4xx_hal_uart.o
 .debug_abbrev  0x00001d35      0x2d2 ./Drivers/STM32G4xx_HAL_Driver/Src/stm32g4xx_hal_uart_ex.o
 .debug_abbrev  0x00002007      0x25e ./Drivers/STM32G4xx_HAL_Driver/Src/stm32g4xx_ll_utils.o
 .debug_abbrev  0x00002265       0xe6 ./Middlewares/Third_Party/QuantumLeaps_RTEF_qpc/ports/arm-cm/qk/gnu/qk_port.o
 .debug_abbrev  0x0000234b      0x308 ./Middlewares/Third_Party/QuantumLeaps_RTEF_qpc/src/qf/qep_hsm.o
 .debug_abbrev  0x00002653      0x1fa ./Middlewares/Third_Party/QuantumLeaps_RTEF_qpc/src/qf/qf_act.o
 .debug_abbrev  0x0000284d      0x398 ./Middlewares/Third_Party/QuantumLeaps_RTEF_qpc/src/qf/qf_actq.o
 .debug_abbrev  0x00002be5      0x278 ./Middlewares/Third_Party/QuantumLeaps_RTEF_qpc/src/qf/qf_dyn.o
 .debug_abbrev  0x00002e5d      0x185 ./Middlewares/Third_Party/QuantumLeaps_RTEF_qpc/src/qf/qf_mem.o
 .debug_abbrev  0x00002fe2      0x37e ./Middlewares/Third_Party/QuantumLeaps_RTEF_qpc/src/qf/qf_ps.o
 .debug_abbrev  0x00003360      0x25f ./Middlewares/Third_Party/QuantumLeaps_RTEF_qpc/src/qf/qf_qact.o
 .debug_abbrev  0x000035bf      0x1c4 ./Middlewares/Third_Party/QuantumLeaps_RTEF_qpc/src/qf/qf_qeq.o
 .debug_abbrev  0x00003783      0x303 ./Middlewares/Third_Party/QuantumLeaps_RTEF_qpc/src/qf/qf_time.o
 .debug_abbrev  0x00003a86      0x3d5 ./Middlewares/Third_Party/QuantumLeaps_RTEF_qpc/src/qk/qk.o

.debug_aranges  0x00000000      0xf10
 .debug_aranges
                0x00000000       0x48 ./Core/MySrc/blinky.o
 .debug_aranges
                0x00000048       0xb0 ./Core/MySrc/bsp.o
 .debug_aranges
                0x000000f8       0xb8 ./Core/Src/main.o
 .debug_aranges
                0x000001b0       0x38 ./Core/Src/stm32g4xx_hal_msp.o
 .debug_aranges
                0x000001e8       0x50 ./Core/Src/stm32g4xx_it.o
 .debug_aranges
                0x00000238       0x20 ./Core/Src/sysmem.o
 .debug_aranges
                0x00000258       0x28 ./Core/Src/system_stm32g4xx.o
 .debug_aranges
                0x00000280       0x28 ./Core/Startup/startup_stm32g431rbtx.o
 .debug_aranges
                0x000002a8      0x148 ./Drivers/STM32G4xx_HAL_Driver/Src/stm32g4xx_hal.o
 .debug_aranges
                0x000003f0      0x128 ./Drivers/STM32G4xx_HAL_Driver/Src/stm32g4xx_hal_cortex.o
 .debug_aranges
                0x00000518       0x58 ./Drivers/STM32G4xx_HAL_Driver/Src/stm32g4xx_hal_gpio.o
 .debug_aranges
                0x00000570      0x140 ./Drivers/STM32G4xx_HAL_Driver/Src/stm32g4xx_hal_pwr_ex.o
 .debug_aranges
                0x000006b0       0x98 ./Drivers/STM32G4xx_HAL_Driver/Src/stm32g4xx_hal_rcc.o
 .debug_aranges
                0x00000748      0x248 ./Drivers/STM32G4xx_HAL_Driver/Src/stm32g4xx_hal_uart.o
 .debug_aranges
                0x00000990       0xa8 ./Drivers/STM32G4xx_HAL_Driver/Src/stm32g4xx_hal_uart_ex.o
 .debug_aranges
                0x00000a38      0x100 ./Drivers/STM32G4xx_HAL_Driver/Src/stm32g4xx_ll_utils.o
 .debug_aranges
                0x00000b38       0x58 ./Middlewares/Third_Party/QuantumLeaps_RTEF_qpc/ports/arm-cm/qk/gnu/qk_port.o
 .debug_aranges
                0x00000b90       0x58 ./Middlewares/Third_Party/QuantumLeaps_RTEF_qpc/src/qf/qep_hsm.o
 .debug_aranges
                0x00000be8       0x20 ./Middlewares/Third_Party/QuantumLeaps_RTEF_qpc/src/qf/qf_act.o
 .debug_aranges
                0x00000c08       0x80 ./Middlewares/Third_Party/QuantumLeaps_RTEF_qpc/src/qf/qf_actq.o
 .debug_aranges
                0x00000c88       0x70 ./Middlewares/Third_Party/QuantumLeaps_RTEF_qpc/src/qf/qf_dyn.o
 .debug_aranges
                0x00000cf8       0x30 ./Middlewares/Third_Party/QuantumLeaps_RTEF_qpc/src/qf/qf_mem.o
 .debug_aranges
                0x00000d28       0x90 ./Middlewares/Third_Party/QuantumLeaps_RTEF_qpc/src/qf/qf_ps.o
 .debug_aranges
                0x00000db8       0x30 ./Middlewares/Third_Party/QuantumLeaps_RTEF_qpc/src/qf/qf_qact.o
 .debug_aranges
                0x00000de8       0x48 ./Middlewares/Third_Party/QuantumLeaps_RTEF_qpc/src/qf/qf_qeq.o
 .debug_aranges
                0x00000e30       0x60 ./Middlewares/Third_Party/QuantumLeaps_RTEF_qpc/src/qf/qf_time.o
 .debug_aranges
                0x00000e90       0x80 ./Middlewares/Third_Party/QuantumLeaps_RTEF_qpc/src/qk/qk.o

.debug_rnglists
                0x00000000      0xb58
 .debug_rnglists
                0x00000000       0x31 ./Core/MySrc/blinky.o
 .debug_rnglists
                0x00000031       0x7f ./Core/MySrc/bsp.o
 .debug_rnglists
                0x000000b0       0x88 ./Core/Src/main.o
 .debug_rnglists
                0x00000138       0x26 ./Core/Src/stm32g4xx_hal_msp.o
 .debug_rnglists
                0x0000015e       0x37 ./Core/Src/stm32g4xx_it.o
 .debug_rnglists
                0x00000195       0x13 ./Core/Src/sysmem.o
 .debug_rnglists
                0x000001a8       0x1a ./Core/Src/system_stm32g4xx.o
 .debug_rnglists
                0x000001c2       0x19 ./Core/Startup/startup_stm32g431rbtx.o
 .debug_rnglists
                0x000001db       0xf1 ./Drivers/STM32G4xx_HAL_Driver/Src/stm32g4xx_hal.o
 .debug_rnglists
                0x000002cc       0xda ./Drivers/STM32G4xx_HAL_Driver/Src/stm32g4xx_hal_cortex.o
 .debug_rnglists
                0x000003a6       0x3f ./Drivers/STM32G4xx_HAL_Driver/Src/stm32g4xx_hal_gpio.o
 .debug_rnglists
                0x000003e5       0xf1 ./Drivers/STM32G4xx_HAL_Driver/Src/stm32g4xx_hal_pwr_ex.o
 .debug_rnglists
                0x000004d6       0x74 ./Drivers/STM32G4xx_HAL_Driver/Src/stm32g4xx_hal_rcc.o
 .debug_rnglists
                0x0000054a      0x1fa ./Drivers/STM32G4xx_HAL_Driver/Src/stm32g4xx_hal_uart.o
 .debug_rnglists
                0x00000744       0x7f ./Drivers/STM32G4xx_HAL_Driver/Src/stm32g4xx_hal_uart_ex.o
 .debug_rnglists
                0x000007c3       0xbf ./Drivers/STM32G4xx_HAL_Driver/Src/stm32g4xx_ll_utils.o
 .debug_rnglists
                0x00000882       0x3d ./Middlewares/Third_Party/QuantumLeaps_RTEF_qpc/ports/arm-cm/qk/gnu/qk_port.o
 .debug_rnglists
                0x000008bf       0x41 ./Middlewares/Third_Party/QuantumLeaps_RTEF_qpc/src/qf/qep_hsm.o
 .debug_rnglists
                0x00000900       0x13 ./Middlewares/Third_Party/QuantumLeaps_RTEF_qpc/src/qf/qf_act.o
 .debug_rnglists
                0x00000913       0x5f ./Middlewares/Third_Party/QuantumLeaps_RTEF_qpc/src/qf/qf_actq.o
 .debug_rnglists
                0x00000972       0x52 ./Middlewares/Third_Party/QuantumLeaps_RTEF_qpc/src/qf/qf_dyn.o
 .debug_rnglists
                0x000009c4       0x21 ./Middlewares/Third_Party/QuantumLeaps_RTEF_qpc/src/qf/qf_mem.o
 .debug_rnglists
                0x000009e5       0x6b ./Middlewares/Third_Party/QuantumLeaps_RTEF_qpc/src/qf/qf_ps.o
 .debug_rnglists
                0x00000a50       0x20 ./Middlewares/Third_Party/QuantumLeaps_RTEF_qpc/src/qf/qf_qact.o
 .debug_rnglists
                0x00000a70       0x34 ./Middlewares/Third_Party/QuantumLeaps_RTEF_qpc/src/qf/qf_qeq.o
 .debug_rnglists
                0x00000aa4       0x55 ./Middlewares/Third_Party/QuantumLeaps_RTEF_qpc/src/qf/qf_time.o
 .debug_rnglists
                0x00000af9       0x5f ./Middlewares/Third_Party/QuantumLeaps_RTEF_qpc/src/qk/qk.o

.debug_macro    0x00000000    0x20310
 .debug_macro   0x00000000      0x307 ./Core/MySrc/blinky.o
 .debug_macro   0x00000307      0xaba ./Core/MySrc/blinky.o
 .debug_macro   0x00000dc1       0x22 ./Core/MySrc/blinky.o
 .debug_macro   0x00000de3       0x8e ./Core/MySrc/blinky.o
 .debug_macro   0x00000e71       0x51 ./Core/MySrc/blinky.o
 .debug_macro   0x00000ec2      0x103 ./Core/MySrc/blinky.o
 .debug_macro   0x00000fc5       0x6a ./Core/MySrc/blinky.o
 .debug_macro   0x0000102f      0x1df ./Core/MySrc/blinky.o
 .debug_macro   0x0000120e       0x22 ./Core/MySrc/blinky.o
 .debug_macro   0x00001230       0x74 ./Core/MySrc/blinky.o
 .debug_macro   0x000012a4       0x10 ./Core/MySrc/blinky.o
 .debug_macro   0x000012b4       0x1c ./Core/MySrc/blinky.o
 .debug_macro   0x000012d0      0x1b3 ./Core/MySrc/blinky.o
 .debug_macro   0x00001483       0x79 ./Core/MySrc/blinky.o
 .debug_macro   0x000014fc      0x106 ./Core/MySrc/blinky.o
 .debug_macro   0x00001602       0x90 ./Core/MySrc/blinky.o
 .debug_macro   0x00001692       0x61 ./Core/MySrc/blinky.o
 .debug_macro   0x000016f3       0x2a ./Core/MySrc/blinky.o
 .debug_macro   0x0000171d       0x43 ./Core/MySrc/blinky.o
 .debug_macro   0x00001760       0x34 ./Core/MySrc/blinky.o
 .debug_macro   0x00001794       0x16 ./Core/MySrc/blinky.o
 .debug_macro   0x000017aa       0x9e ./Core/MySrc/blinky.o
 .debug_macro   0x00001848      0x369 ./Core/MySrc/blinky.o
 .debug_macro   0x00001bb1      0x10b ./Core/MySrc/blinky.o
 .debug_macro   0x00001cbc       0x10 ./Core/MySrc/blinky.o
 .debug_macro   0x00001ccc       0x16 ./Core/MySrc/blinky.o
 .debug_macro   0x00001ce2       0x43 ./Core/MySrc/blinky.o
 .debug_macro   0x00001d25       0x34 ./Core/MySrc/blinky.o
 .debug_macro   0x00001d59       0x10 ./Core/MySrc/blinky.o
 .debug_macro   0x00001d69       0x58 ./Core/MySrc/blinky.o
 .debug_macro   0x00001dc1       0x8e ./Core/MySrc/blinky.o
 .debug_macro   0x00001e4f       0x1c ./Core/MySrc/blinky.o
 .debug_macro   0x00001e6b      0x177 ./Core/MySrc/blinky.o
 .debug_macro   0x00001fe2       0x16 ./Core/MySrc/blinky.o
 .debug_macro   0x00001ff8       0x16 ./Core/MySrc/blinky.o
 .debug_macro   0x0000200e      0x146 ./Core/MySrc/blinky.o
 .debug_macro   0x00002154       0x2e ./Core/MySrc/blinky.o
 .debug_macro   0x00002182       0x28 ./Core/MySrc/blinky.o
 .debug_macro   0x000021aa       0x1c ./Core/MySrc/blinky.o
 .debug_macro   0x000021c6       0x22 ./Core/MySrc/blinky.o
 .debug_macro   0x000021e8       0xfb ./Core/MySrc/blinky.o
 .debug_macro   0x000022e3     0x1011 ./Core/MySrc/blinky.o
 .debug_macro   0x000032f4      0x11f ./Core/MySrc/blinky.o
 .debug_macro   0x00003413    0x11350 ./Core/MySrc/blinky.o
 .debug_macro   0x00014763       0x6d ./Core/MySrc/blinky.o
 .debug_macro   0x000147d0      0x155 ./Core/MySrc/blinky.o
 .debug_macro   0x00014925     0x3551 ./Core/MySrc/blinky.o
 .debug_macro   0x00017e76       0x56 ./Core/MySrc/blinky.o
 .debug_macro   0x00017ecc     0x141d ./Core/MySrc/blinky.o
 .debug_macro   0x000192e9      0x535 ./Core/MySrc/blinky.o
 .debug_macro   0x0001981e      0x1b6 ./Core/MySrc/blinky.o
 .debug_macro   0x000199d4      0x288 ./Core/MySrc/blinky.o
 .debug_macro   0x00019c5c      0x41d ./Core/MySrc/blinky.o
 .debug_macro   0x0001a079      0x18b ./Core/MySrc/blinky.o
 .debug_macro   0x0001a204       0x43 ./Core/MySrc/blinky.o
 .debug_macro   0x0001a247      0x23d ./Core/MySrc/blinky.o
 .debug_macro   0x0001a484      0x211 ./Core/MySrc/blinky.o
 .debug_macro   0x0001a695      0x401 ./Core/MySrc/blinky.o
 .debug_macro   0x0001aa96      0x107 ./Core/MySrc/blinky.o
 .debug_macro   0x0001ab9d      0x122 ./Core/MySrc/blinky.o
 .debug_macro   0x0001acbf      0x3d1 ./Core/MySrc/blinky.o
 .debug_macro   0x0001b090      0x693 ./Core/MySrc/blinky.o
 .debug_macro   0x0001b723       0xa6 ./Core/MySrc/blinky.o
 .debug_macro   0x0001b7c9      0x306 ./Core/MySrc/blinky.o
 .debug_macro   0x0001bacf       0x10 ./Core/MySrc/blinky.o
 .debug_macro   0x0001badf      0x313 ./Core/MySrc/bsp.o
 .debug_macro   0x0001bdf2      0x36c ./Core/Src/main.o
 .debug_macro   0x0001c15e      0x189 ./Core/Src/main.o
 .debug_macro   0x0001c2e7       0x5c ./Core/Src/main.o
 .debug_macro   0x0001c343      0x5f7 ./Core/Src/main.o
 .debug_macro   0x0001c93a      0x188 ./Core/Src/main.o
 .debug_macro   0x0001cac2       0xd0 ./Core/Src/main.o
 .debug_macro   0x0001cb92      0x28c ./Core/Src/main.o
 .debug_macro   0x0001ce1e      0x155 ./Core/Src/main.o
 .debug_macro   0x0001cf73      0x1a6 ./Core/Src/main.o
 .debug_macro   0x0001d119       0xa0 ./Core/Src/main.o
 .debug_macro   0x0001d1b9      0x231 ./Core/Src/main.o
 .debug_macro   0x0001d3ea      0x63e ./Core/Src/main.o
 .debug_macro   0x0001da28      0x24e ./Core/Src/main.o
 .debug_macro   0x0001dc76      0x169 ./Core/Src/main.o
 .debug_macro   0x0001dddf       0x8e ./Core/Src/main.o
 .debug_macro   0x0001de6d       0x35 ./Core/Src/main.o
 .debug_macro   0x0001dea2      0x232 ./Core/Src/stm32g4xx_hal_msp.o
 .debug_macro   0x0001e0d4      0x23c ./Core/Src/stm32g4xx_it.o
 .debug_macro   0x0001e310       0xff ./Core/Src/sysmem.o
 .debug_macro   0x0001e40f      0x23c ./Core/Src/sysmem.o
 .debug_macro   0x0001e64b      0x1ba ./Core/Src/system_stm32g4xx.o
 .debug_macro   0x0001e805      0x208 ./Drivers/STM32G4xx_HAL_Driver/Src/stm32g4xx_hal.o
 .debug_macro   0x0001ea0d      0x1ba ./Drivers/STM32G4xx_HAL_Driver/Src/stm32g4xx_hal_cortex.o
 .debug_macro   0x0001ebc7      0x1c1 ./Drivers/STM32G4xx_HAL_Driver/Src/stm32g4xx_hal_gpio.o
 .debug_macro   0x0001ed88      0x1e4 ./Drivers/STM32G4xx_HAL_Driver/Src/stm32g4xx_hal_pwr_ex.o
 .debug_macro   0x0001ef6c      0x1fc ./Drivers/STM32G4xx_HAL_Driver/Src/stm32g4xx_hal_rcc.o
 .debug_macro   0x0001f168      0x1e5 ./Drivers/STM32G4xx_HAL_Driver/Src/stm32g4xx_hal_uart.o
 .debug_macro   0x0001f34d      0x1c6 ./Drivers/STM32G4xx_HAL_Driver/Src/stm32g4xx_hal_uart_ex.o
 .debug_macro   0x0001f513      0x2ae ./Drivers/STM32G4xx_HAL_Driver/Src/stm32g4xx_ll_utils.o
 .debug_macro   0x0001f7c1       0x9a ./Drivers/STM32G4xx_HAL_Driver/Src/stm32g4xx_ll_utils.o
 .debug_macro   0x0001f85b       0xe8 ./Middlewares/Third_Party/QuantumLeaps_RTEF_qpc/ports/arm-cm/qk/gnu/qk_port.o
 .debug_macro   0x0001f943       0x50 ./Middlewares/Third_Party/QuantumLeaps_RTEF_qpc/ports/arm-cm/qk/gnu/qk_port.o
 .debug_macro   0x0001f993       0xd6 ./Middlewares/Third_Party/QuantumLeaps_RTEF_qpc/src/qf/qep_hsm.o
 .debug_macro   0x0001fa69       0x28 ./Middlewares/Third_Party/QuantumLeaps_RTEF_qpc/src/qf/qep_hsm.o
 .debug_macro   0x0001fa91      0x19b ./Middlewares/Third_Party/QuantumLeaps_RTEF_qpc/src/qf/qep_hsm.o
 .debug_macro   0x0001fc2c       0xc4 ./Middlewares/Third_Party/QuantumLeaps_RTEF_qpc/src/qf/qf_act.o
 .debug_macro   0x0001fcf0       0xc4 ./Middlewares/Third_Party/QuantumLeaps_RTEF_qpc/src/qf/qf_actq.o
 .debug_macro   0x0001fdb4       0xc4 ./Middlewares/Third_Party/QuantumLeaps_RTEF_qpc/src/qf/qf_dyn.o
 .debug_macro   0x0001fe78       0xc4 ./Middlewares/Third_Party/QuantumLeaps_RTEF_qpc/src/qf/qf_mem.o
 .debug_macro   0x0001ff3c       0xc4 ./Middlewares/Third_Party/QuantumLeaps_RTEF_qpc/src/qf/qf_ps.o
 .debug_macro   0x00020000       0xc4 ./Middlewares/Third_Party/QuantumLeaps_RTEF_qpc/src/qf/qf_qact.o
 .debug_macro   0x000200c4       0xc4 ./Middlewares/Third_Party/QuantumLeaps_RTEF_qpc/src/qf/qf_qeq.o
 .debug_macro   0x00020188       0xc4 ./Middlewares/Third_Party/QuantumLeaps_RTEF_qpc/src/qf/qf_time.o
 .debug_macro   0x0002024c       0xc4 ./Middlewares/Third_Party/QuantumLeaps_RTEF_qpc/src/qk/qk.o

.debug_line     0x00000000    0x129d3
 .debug_line    0x00000000      0xa9e ./Core/MySrc/blinky.o
 .debug_line    0x00000a9e      0xbf1 ./Core/MySrc/bsp.o
 .debug_line    0x0000168f      0xd77 ./Core/Src/main.o
 .debug_line    0x00002406      0x8a1 ./Core/Src/stm32g4xx_hal_msp.o
 .debug_line    0x00002ca7      0x8ce ./Core/Src/stm32g4xx_it.o
 .debug_line    0x00003575      0x583 ./Core/Src/sysmem.o
 .debug_line    0x00003af8      0x7a5 ./Core/Src/system_stm32g4xx.o
 .debug_line    0x0000429d       0x7b ./Core/Startup/startup_stm32g431rbtx.o
 .debug_line    0x00004318      0xb61 ./Drivers/STM32G4xx_HAL_Driver/Src/stm32g4xx_hal.o
 .debug_line    0x00004e79      0xcf4 ./Drivers/STM32G4xx_HAL_Driver/Src/stm32g4xx_hal_cortex.o
 .debug_line    0x00005b6d      0xb7a ./Drivers/STM32G4xx_HAL_Driver/Src/stm32g4xx_hal_gpio.o
 .debug_line    0x000066e7      0xcd0 ./Drivers/STM32G4xx_HAL_Driver/Src/stm32g4xx_hal_pwr_ex.o
 .debug_line    0x000073b7      0xf2c ./Drivers/STM32G4xx_HAL_Driver/Src/stm32g4xx_hal_rcc.o
 .debug_line    0x000082e3     0x3bdb ./Drivers/STM32G4xx_HAL_Driver/Src/stm32g4xx_hal_uart.o
 .debug_line    0x0000bebe      0xd87 ./Drivers/STM32G4xx_HAL_Driver/Src/stm32g4xx_hal_uart_ex.o
 .debug_line    0x0000cc45      0xcd4 ./Drivers/STM32G4xx_HAL_Driver/Src/stm32g4xx_ll_utils.o
 .debug_line    0x0000d919      0x5d0 ./Middlewares/Third_Party/QuantumLeaps_RTEF_qpc/ports/arm-cm/qk/gnu/qk_port.o
 .debug_line    0x0000dee9      0x919 ./Middlewares/Third_Party/QuantumLeaps_RTEF_qpc/src/qf/qep_hsm.o
 .debug_line    0x0000e802      0x548 ./Middlewares/Third_Party/QuantumLeaps_RTEF_qpc/src/qf/qf_act.o
 .debug_line    0x0000ed4a      0x89a ./Middlewares/Third_Party/QuantumLeaps_RTEF_qpc/src/qf/qf_actq.o
 .debug_line    0x0000f5e4      0x771 ./Middlewares/Third_Party/QuantumLeaps_RTEF_qpc/src/qf/qf_dyn.o
 .debug_line    0x0000fd55      0x67e ./Middlewares/Third_Party/QuantumLeaps_RTEF_qpc/src/qf/qf_mem.o
 .debug_line    0x000103d3      0x88e ./Middlewares/Third_Party/QuantumLeaps_RTEF_qpc/src/qf/qf_ps.o
 .debug_line    0x00010c61      0x61d ./Middlewares/Third_Party/QuantumLeaps_RTEF_qpc/src/qf/qf_qact.o
 .debug_line    0x0001127e      0x6d1 ./Middlewares/Third_Party/QuantumLeaps_RTEF_qpc/src/qf/qf_qeq.o
 .debug_line    0x0001194f      0x7d8 ./Middlewares/Third_Party/QuantumLeaps_RTEF_qpc/src/qf/qf_time.o
 .debug_line    0x00012127      0x8ac ./Middlewares/Third_Party/QuantumLeaps_RTEF_qpc/src/qk/qk.o

.debug_str      0x00000000    0xc61cd
 .debug_str     0x00000000    0xb4599 ./Core/MySrc/blinky.o
                              0xb50bc (size before relaxing)
 .debug_str     0x000b4599      0xcbb ./Core/MySrc/bsp.o
                              0xb5d7e (size before relaxing)
 .debug_str     0x000b5254     0xc60f ./Core/Src/main.o
                              0xc1d4c (size before relaxing)
 .debug_str     0x000c1863       0xb1 ./Core/Src/stm32g4xx_hal_msp.o
                              0xbbe65 (size before relaxing)
 .debug_str     0x000c1914       0xc0 ./Core/Src/stm32g4xx_it.o
                              0xbb74c (size before relaxing)
 .debug_str     0x000c19d4      0x4dc ./Core/Src/sysmem.o
                               0x60e1 (size before relaxing)
 .debug_str     0x000c1eb0       0x77 ./Core/Src/system_stm32g4xx.o
                              0xaf774 (size before relaxing)
 .debug_str     0x000c1f27       0x44 ./Core/Startup/startup_stm32g431rbtx.o
                                 0x7f (size before relaxing)
 .debug_str     0x000c1f6b      0x5d4 ./Drivers/STM32G4xx_HAL_Driver/Src/stm32g4xx_hal.o
                              0xb02b3 (size before relaxing)
 .debug_str     0x000c253f      0x303 ./Drivers/STM32G4xx_HAL_Driver/Src/stm32g4xx_hal_cortex.o
                              0xaff6f (size before relaxing)
 .debug_str     0x000c2842       0xea ./Drivers/STM32G4xx_HAL_Driver/Src/stm32g4xx_hal_gpio.o
                              0xaf8ff (size before relaxing)
 .debug_str     0x000c292c      0x465 ./Drivers/STM32G4xx_HAL_Driver/Src/stm32g4xx_hal_pwr_ex.o
                              0xafc62 (size before relaxing)
 .debug_str     0x000c2d91      0x5b9 ./Drivers/STM32G4xx_HAL_Driver/Src/stm32g4xx_hal_rcc.o
                              0xafe6d (size before relaxing)
 .debug_str     0x000c334a      0x9ff ./Drivers/STM32G4xx_HAL_Driver/Src/stm32g4xx_hal_uart.o
                              0xb072f (size before relaxing)
 .debug_str     0x000c3d49      0x274 ./Drivers/STM32G4xx_HAL_Driver/Src/stm32g4xx_hal_uart_ex.o
                              0xaff2d (size before relaxing)
 .debug_str     0x000c3fbd      0xf35 ./Drivers/STM32G4xx_HAL_Driver/Src/stm32g4xx_ll_utils.o
                              0xb6037 (size before relaxing)
 .debug_str     0x000c4ef2      0x574 ./Middlewares/Third_Party/QuantumLeaps_RTEF_qpc/ports/arm-cm/qk/gnu/qk_port.o
                               0x5a06 (size before relaxing)
 .debug_str     0x000c5466      0x612 ./Middlewares/Third_Party/QuantumLeaps_RTEF_qpc/src/qf/qep_hsm.o
                               0x6589 (size before relaxing)
 .debug_str     0x000c5a78       0xac ./Middlewares/Third_Party/QuantumLeaps_RTEF_qpc/src/qf/qf_act.o
                               0x6375 (size before relaxing)
 .debug_str     0x000c5b24      0x1d4 ./Middlewares/Third_Party/QuantumLeaps_RTEF_qpc/src/qf/qf_actq.o
                               0x653f (size before relaxing)