../Drivers/STM32G4xx_HAL_Driver/Inc/stm32g4xx_ll_rcc.h:1009:22:LL_RCC_HSI_Enable	1
../Drivers/STM32G4xx_HAL_Driver/Inc/stm32g4xx_ll_rcc.h:1029:26:LL_RCC_HSI_IsReady	2
../Drivers/STM32G4xx_HAL_Driver/Inc/stm32g4xx_ll_rcc.h:1055:22:LL_RCC_HSI_SetCalibTrimming	1
../Drivers/STM32G4xx_HAL_Driver/Inc/stm32g4xx_ll_rcc.h:1346:22:LL_RCC_SetSysClkSource	1
../Drivers/STM32G4xx_HAL_Driver/Inc/stm32g4xx_ll_rcc.h:1359:26:LL_RCC_GetSysClkSource	1
../Drivers/STM32G4xx_HAL_Driver/Inc/stm32g4xx_ll_rcc.h:1379:22:LL_RCC_SetAHBPrescaler	1
../Drivers/STM32G4xx_HAL_Driver/Inc/stm32g4xx_ll_rcc.h:1395:22:LL_RCC_SetAPB1Prescaler	1
../Drivers/STM32G4xx_HAL_Driver/Inc/stm32g4xx_ll_rcc.h:1411:22:LL_RCC_SetAPB2Prescaler	1
../Drivers/STM32G4xx_HAL_Driver/Inc/stm32g4xx_ll_rcc.h:2063:22:LL_RCC_PLL_Enable	1
../Drivers/STM32G4xx_HAL_Driver/Inc/stm32g4xx_ll_rcc.h:2084:26:LL_RCC_PLL_IsReady	2
../Drivers/STM32G4xx_HAL_Driver/Inc/stm32g4xx_ll_rcc.h:2127:22:LL_RCC_PLL_ConfigDomain_SYS	1
../Drivers/STM32G4xx_HAL_Driver/Inc/stm32g4xx_ll_rcc.h:2456:22:LL_RCC_PLL_EnableDomain_SYS	1
../Drivers/STM32G4xx_HAL_Driver/Inc/stm32g4xx_ll_system.h:1296:22:LL_FLASH_SetLatency	1
../Drivers/STM32G4xx_HAL_Driver/Inc/stm32g4xx_ll_system.h:1324:26:LL_FLASH_GetLatency	1
../Drivers/STM32G4xx_HAL_Driver/Inc/stm32g4xx_ll_pwr.h:341:22:LL_PWR_EnableRange1BoostMode	1
../Core/Src/main.c:67:5:main	1
../Core/Src/main.c:122:6:SystemClock_Config	7
../Core/Src/main.c:172:13:MX_LPUART1_UART_Init	5
../Core/Src/main.c:219:13:MX_GPIO_Init	1
../Core/Src/main.c:269:6:Error_Handler	1
