../Drivers/CMSIS/Include/core_cm4.h:1648:22:__NVIC_SetPriorityGrouping	24	static
../Drivers/CMSIS/Include/core_cm4.h:1679:22:__NVIC_EnableIRQ	16	static,ignoring_inline_asm
../Drivers/CMSIS/Include/core_cm4.h:1809:22:__NVIC_SetPriority	16	static
../Drivers/CMSIS/Include/core_cm4.h:2017:26:SysTick_Config	16	static
../Core/MySrc/bsp.c:66:12:Q_onError	216	static
../Core/MySrc/bsp.c:90:6:HAL_GPIO_EXTI_Callback	16	static,ignoring_inline_asm
../Core/MySrc/bsp.c:101:6:assert_failed	16	static
../Core/MySrc/bsp.c:107:6:SysTick_Handler	8	static,ignoring_inline_asm
../Core/MySrc/bsp.c:118:6:BSP_init	8	static
../Core/MySrc/bsp.c:122:6:BSP_start	24	static
../Core/MySrc/bsp.c:144:6:BSP_BtnEvt	8	static
../Core/MySrc/bsp.c:152:6:BSP_blinkyStart	208	static
../Core/MySrc/bsp.c:158:6:BSP_blinkyStop	208	static
../Core/MySrc/bsp.c:164:6:BSP_ledOn	4	static
../Core/MySrc/bsp.c:168:6:BSP_ledOff	4	static
../Core/MySrc/bsp.c:172:6:BSP_terminate	16	static
../Core/MySrc/bsp.c:178:6:QF_onStartup	8	static
../Core/MySrc/bsp.c:200:6:QF_onCleanup	4	static
../Core/MySrc/bsp.c:204:6:QK_onIdle	4	static
